Component: ARM Compiler 5.05 (build 41) Tool: armlink [4d0eb9]

==============================================================================

Section Cross References

    app.o(i.main) refers to usbd_core.o(i.USBD_Init) for USBD_Init
    app.o(i.main) refers to stm324xg_eval.o(i.STM_EVAL_LEDToggle) for STM_EVAL_LEDToggle
    app.o(i.main) refers to usbd_usr.o(.data) for USR_cb
    app.o(i.main) refers to usbd_hid_core.o(.data) for USBD_HID_cb
    app.o(i.main) refers to usbd_desc.o(.data) for USR_desc
    app.o(i.main) refers to app.o(.bss) for USB_OTG_dev
    stm32fxxx_it.o(i.EXTI15_10_IRQHandler) refers to stm32f4xx_exti.o(i.EXTI_GetITStatus) for EXTI_GetITStatus
    stm32fxxx_it.o(i.EXTI15_10_IRQHandler) refers to stm32f4xx_rcc.o(i.RCC_HSEConfig) for RCC_HSEConfig
    stm32fxxx_it.o(i.EXTI15_10_IRQHandler) refers to stm32f4xx_rcc.o(i.RCC_GetFlagStatus) for RCC_GetFlagStatus
    stm32fxxx_it.o(i.EXTI15_10_IRQHandler) refers to stm32f4xx_rcc.o(i.RCC_PLLCmd) for RCC_PLLCmd
    stm32fxxx_it.o(i.EXTI15_10_IRQHandler) refers to stm32f4xx_rcc.o(i.RCC_SYSCLKConfig) for RCC_SYSCLKConfig
    stm32fxxx_it.o(i.EXTI15_10_IRQHandler) refers to stm32f4xx_rcc.o(i.RCC_GetSYSCLKSource) for RCC_GetSYSCLKSource
    stm32fxxx_it.o(i.EXTI15_10_IRQHandler) refers to usb_core.o(i.USB_OTG_UngateClock) for USB_OTG_UngateClock
    stm32fxxx_it.o(i.EXTI15_10_IRQHandler) refers to usb_core.o(i.USB_OTG_ActiveRemoteWakeup) for USB_OTG_ActiveRemoteWakeup
    stm32fxxx_it.o(i.EXTI15_10_IRQHandler) refers to printfb.o(i.__0printf$bare) for __2printf
    stm32fxxx_it.o(i.EXTI15_10_IRQHandler) refers to stm32f4xx_exti.o(i.EXTI_ClearITPendingBit) for EXTI_ClearITPendingBit
    stm32fxxx_it.o(i.EXTI15_10_IRQHandler) refers to app.o(.bss) for USB_OTG_dev
    stm32fxxx_it.o(i.EXTI15_10_IRQHandler) refers to stm32fxxx_it.o(.data) for remote_wakeup
    stm32fxxx_it.o(i.EXTI15_10_IRQHandler) refers to lcd_log.o(.data) for LCD_LineColor
    stm32fxxx_it.o(i.OTG_FS_IRQHandler) refers to usb_dcd_int.o(i.USBD_OTG_ISR_Handler) for USBD_OTG_ISR_Handler
    stm32fxxx_it.o(i.OTG_FS_IRQHandler) refers to app.o(.bss) for USB_OTG_dev
    stm32fxxx_it.o(i.OTG_FS_WKUP_IRQHandler) refers to stm32f4xx_rcc.o(i.RCC_HSEConfig) for RCC_HSEConfig
    stm32fxxx_it.o(i.OTG_FS_WKUP_IRQHandler) refers to stm32f4xx_rcc.o(i.RCC_GetFlagStatus) for RCC_GetFlagStatus
    stm32fxxx_it.o(i.OTG_FS_WKUP_IRQHandler) refers to stm32f4xx_rcc.o(i.RCC_PLLCmd) for RCC_PLLCmd
    stm32fxxx_it.o(i.OTG_FS_WKUP_IRQHandler) refers to stm32f4xx_rcc.o(i.RCC_SYSCLKConfig) for RCC_SYSCLKConfig
    stm32fxxx_it.o(i.OTG_FS_WKUP_IRQHandler) refers to stm32f4xx_rcc.o(i.RCC_GetSYSCLKSource) for RCC_GetSYSCLKSource
    stm32fxxx_it.o(i.OTG_FS_WKUP_IRQHandler) refers to usb_core.o(i.USB_OTG_UngateClock) for USB_OTG_UngateClock
    stm32fxxx_it.o(i.OTG_FS_WKUP_IRQHandler) refers to stm32f4xx_exti.o(i.EXTI_ClearITPendingBit) for EXTI_ClearITPendingBit
    stm32fxxx_it.o(i.OTG_FS_WKUP_IRQHandler) refers to app.o(.bss) for USB_OTG_dev
    stm32fxxx_it.o(i.SysTick_Handler) refers to stm32fxxx_it.o(i.USBD_HID_GetPos) for USBD_HID_GetPos
    stm32fxxx_it.o(i.SysTick_Handler) refers to usbd_hid_core.o(i.USBD_HID_SendReport) for USBD_HID_SendReport
    stm32fxxx_it.o(i.SysTick_Handler) refers to app.o(.bss) for USB_OTG_dev
    stm32fxxx_it.o(i.USBD_HID_GetPos) refers to stm324xg_eval_ioe.o(i.IOE_JoyStickGetState) for IOE_JoyStickGetState
    stm32fxxx_it.o(i.USBD_HID_GetPos) refers to stm32fxxx_it.o(.data) for HID_Buffer
    usb_bsp.o(i.USB_OTG_BSP_EnableInterrupt) refers to misc.o(i.NVIC_PriorityGroupConfig) for NVIC_PriorityGroupConfig
    usb_bsp.o(i.USB_OTG_BSP_EnableInterrupt) refers to misc.o(i.NVIC_Init) for NVIC_Init
    usb_bsp.o(i.USB_OTG_BSP_Init) refers to stm32f4xx_rcc.o(i.RCC_AHB1PeriphClockCmd) for RCC_AHB1PeriphClockCmd
    usb_bsp.o(i.USB_OTG_BSP_Init) refers to stm32f4xx_gpio.o(i.GPIO_Init) for GPIO_Init
    usb_bsp.o(i.USB_OTG_BSP_Init) refers to stm32f4xx_gpio.o(i.GPIO_PinAFConfig) for GPIO_PinAFConfig
    usb_bsp.o(i.USB_OTG_BSP_Init) refers to stm32f4xx_rcc.o(i.RCC_APB2PeriphClockCmd) for RCC_APB2PeriphClockCmd
    usb_bsp.o(i.USB_OTG_BSP_Init) refers to stm32f4xx_rcc.o(i.RCC_AHB2PeriphClockCmd) for RCC_AHB2PeriphClockCmd
    usb_bsp.o(i.USB_OTG_BSP_Init) refers to stm32f4xx_rcc.o(i.RCC_APB1PeriphResetCmd) for RCC_APB1PeriphResetCmd
    usb_bsp.o(i.USB_OTG_BSP_Init) refers to stm324xg_eval.o(i.STM_EVAL_PBInit) for STM_EVAL_PBInit
    usb_bsp.o(i.USB_OTG_BSP_Init) refers to stm32f4xx_exti.o(i.EXTI_ClearITPendingBit) for EXTI_ClearITPendingBit
    usb_bsp.o(i.USB_OTG_BSP_Init) refers to stm32f4xx_exti.o(i.EXTI_Init) for EXTI_Init
    usb_bsp.o(i.USB_OTG_BSP_Init) refers to misc.o(i.NVIC_Init) for NVIC_Init
    usb_bsp.o(i.USB_OTG_BSP_mDelay) refers to usb_bsp.o(i.USB_OTG_BSP_uDelay) for USB_OTG_BSP_uDelay
    usbd_usr.o(i.USBD_USR_DeviceConfigured) refers to printfb.o(i.__0printf$bare) for __2printf
[...]
    i.DMA_DeInit                             0x08000c4c   Section        0  stm32f4xx_dma.o(i.DMA_DeInit)
    i.DMA_GetFlagStatus                      0x08000da4   Section        0  stm32f4xx_dma.o(i.DMA_GetFlagStatus)
    i.DMA_Init                               0x08000de8   Section        0  stm32f4xx_dma.o(i.DMA_Init)
    i.DebugMon_Handler                       0x08000e40   Section        0  stm32fxxx_it.o(i.DebugMon_Handler)
    i.EXTI15_10_IRQHandler                   0x08000e44   Section        0  stm32fxxx_it.o(i.EXTI15_10_IRQHandler)
    i.EXTI_ClearITPendingBit                 0x08000f08   Section        0  stm32f4xx_exti.o(i.EXTI_ClearITPendingBit)
    i.EXTI_GetITStatus                       0x08000f14   Section        0  stm32f4xx_exti.o(i.EXTI_GetITStatus)
    i.EXTI_Init                              0x08000f3c   Section        0  stm32f4xx_exti.o(i.EXTI_Init)
    i.FSMC_NORSRAMCmd                        0x08000fd0   Section        0  stm32f4xx_fsmc.o(i.FSMC_NORSRAMCmd)
    i.FSMC_NORSRAMInit                       0x08001004   Section        0  stm32f4xx_fsmc.o(i.FSMC_NORSRAMInit)
    i.GPIO_Init                              0x080010ea   Section        0  stm32f4xx_gpio.o(i.GPIO_Init)
    i.GPIO_PinAFConfig                       0x0800117a   Section        0  stm32f4xx_gpio.o(i.GPIO_PinAFConfig)
    i.HardFault_Handler                      0x080011c0   Section        0  stm32fxxx_it.o(i.HardFault_Handler)
    i.I2C_CheckEvent                         0x080011c4   Section        0  stm32f4xx_i2c.o(i.I2C_CheckEvent)
    i.I2C_DMACmd                             0x080011ee   Section        0  stm32f4xx_i2c.o(i.I2C_DMACmd)
    i.I2C_DMALastTransferCmd                 0x08001206   Section        0  stm32f4xx_i2c.o(i.I2C_DMALastTransferCmd)
    i.I2C_GenerateSTART                      0x0800121e   Section        0  stm32f4xx_i2c.o(i.I2C_GenerateSTART)
    i.I2C_GenerateSTOP                       0x08001236   Section        0  stm32f4xx_i2c.o(i.I2C_GenerateSTOP)
    i.I2C_GetFlagStatus                      0x0800124e   Section        0  stm32f4xx_i2c.o(i.I2C_GetFlagStatus)
    i.I2C_Init                               0x08001288   Section        0  stm32f4xx_i2c.o(i.I2C_Init)
    i.I2C_ReadDeviceRegister                 0x08001370   Section        0  stm324xg_eval_ioe.o(i.I2C_ReadDeviceRegister)
    i.I2C_Send7bitAddress                    0x08001508   Section        0  stm32f4xx_i2c.o(i.I2C_Send7bitAddress)
    i.I2C_SendData                           0x08001518   Section        0  stm32f4xx_i2c.o(i.I2C_SendData)
    i.I2C_WriteDeviceRegister                0x0800151c   Section        0  stm324xg_eval_ioe.o(i.I2C_WriteDeviceRegister)
    i.IOE_Config                             0x08001660   Section        0  stm324xg_eval_ioe.o(i.IOE_Config)
    i.IOE_DMA_Config                         0x08001734   Section        0  stm324xg_eval_ioe.o(i.IOE_DMA_Config)
    IOE_DMA_Config                           0x08001735   Thumb Code   118  stm324xg_eval_ioe.o(i.IOE_DMA_Config)
    i.IOE_FnctCmd                            0x080017b4   Section        0  stm324xg_eval_ioe.o(i.IOE_FnctCmd)
    i.IOE_GPIO_Config                        0x080017e4   Section        0  stm324xg_eval_ioe.o(i.IOE_GPIO_Config)
    IOE_GPIO_Config                          0x080017e5   Thumb Code   146  stm324xg_eval_ioe.o(i.IOE_GPIO_Config)
    i.IOE_I2C_Config                         0x08001880   Section        0  stm324xg_eval_ioe.o(i.IOE_I2C_Config)
    IOE_I2C_Config                           0x08001881   Thumb Code    50  stm324xg_eval_ioe.o(i.IOE_I2C_Config)
    i.IOE_IOAFConfig                         0x080018bc   Section        0  stm324xg_eval_ioe.o(i.IOE_IOAFConfig)
    i.IOE_IOEdgeConfig                       0x080018ea   Section        0  stm324xg_eval_ioe.o(i.IOE_IOEdgeConfig)
    i.IOE_IOPinConfig                        0x0800193a   Section        0  stm324xg_eval_ioe.o(i.IOE_IOPinConfig)
    i.IOE_IsOperational                      0x08001968   Section        0  stm324xg_eval_ioe.o(i.IOE_IsOperational)
    i.IOE_JoyStickGetState                   0x08001990   Section        0  stm324xg_eval_ioe.o(i.IOE_JoyStickGetState)
    i.IOE_ReadID                             0x080019e0   Section        0  stm324xg_eval_ioe.o(i.IOE_ReadID)
    i.IOE_Reset                              0x08001a06   Section        0  stm324xg_eval_ioe.o(i.IOE_Reset)
    i.IOE_TS_Config                          0x08001a28   Section        0  stm324xg_eval_ioe.o(i.IOE_TS_Config)
    i.IOE_TempSens_Config                    0x08001af0   Section        0  stm324xg_eval_ioe.o(i.IOE_TempSens_Config)
    i.IOE_WriteIOPin                         0x08001b2e   Section        0  stm324xg_eval_ioe.o(i.IOE_WriteIOPin)
    i.LCD_Clear                              0x08001b6a   Section        0  stm324xg_eval_lcd.o(i.LCD_Clear)
    i.LCD_ClearLine                          0x08001b94   Section        0  stm324xg_eval_lcd.o(i.LCD_ClearLine)
    i.LCD_CtrlLinesConfig                    0x08001bc8   Section        0  stm324xg_eval_lcd.o(i.LCD_CtrlLinesConfig)
    i.LCD_DisplayChar                        0x08001cf8   Section        0  stm324xg_eval_lcd.o(i.LCD_DisplayChar)
    i.LCD_DisplayStringLine                  0x08001d28   Section        0  stm324xg_eval_lcd.o(i.LCD_DisplayStringLine)
    i.LCD_DrawChar                           0x08001d74   Section        0  stm324xg_eval_lcd.o(i.LCD_DrawChar)
    i.LCD_FSMCConfig                         0x08001e20   Section        0  stm324xg_eval_lcd.o(i.LCD_FSMCConfig)
    i.LCD_GetFont                            0x08001e84   Section        0  stm324xg_eval_lcd.o(i.LCD_GetFont)
    i.LCD_LOG_DeInit                         0x08001e90   Section        0  lcd_log.o(i.LCD_LOG_DeInit)
    i.LCD_LOG_Init                           0x08001ef4   Section        0  lcd_log.o(i.LCD_LOG_Init)
    i.LCD_LOG_SetFooter                      0x08001f02   Section        0  lcd_log.o(i.LCD_LOG_SetFooter)
    i.LCD_LOG_SetHeader                      0x08001f68   Section        0  lcd_log.o(i.LCD_LOG_SetHeader)
    i.LCD_LOG_UpdateDisplay                  0x08002000   Section        0  lcd_log.o(i.LCD_LOG_UpdateDisplay)
    LCD_LOG_UpdateDisplay                    0x08002001   Thumb Code   214  lcd_log.o(i.LCD_LOG_UpdateDisplay)
    i.LCD_ReadReg                            0x080020e4   Section        0  stm324xg_eval_lcd.o(i.LCD_ReadReg)
    i.LCD_SetBackColor                       0x080020f0   Section        0  stm324xg_eval_lcd.o(i.LCD_SetBackColor)
    i.LCD_SetCursor                          0x08002100   Section        0  stm324xg_eval_lcd.o(i.LCD_SetCursor)
    i.LCD_SetFont                            0x08002118   Section        0  stm324xg_eval_lcd.o(i.LCD_SetFont)
    i.LCD_SetTextColor                       0x08002124   Section        0  stm324xg_eval_lcd.o(i.LCD_SetTextColor)
    i.LCD_WriteRAM                           0x08002134   Section        0  stm324xg_eval_lcd.o(i.LCD_WriteRAM)
    i.LCD_WriteRAM_Prepare                   0x0800213c   Section        0  stm324xg_eval_lcd.o(i.LCD_WriteRAM_Prepare)
    i.LCD_WriteReg                           0x08002146   Section        0  stm324xg_eval_lcd.o(i.LCD_WriteReg)
    i.MemManage_Handler                      0x08002150   Section        0  stm32fxxx_it.o(i.MemManage_Handler)
    i.NMI_Handler                            0x08002154   Section        0  stm32fxxx_it.o(i.NMI_Handler)
    i.NVIC_Init                              0x08002158   Section        0  misc.o(i.NVIC_Init)
    i.NVIC_PriorityGroupConfig               0x080021d0   Section        0  misc.o(i.NVIC_PriorityGroupConfig)
    i.OTG_FS_IRQHandler                      0x080021e4   Section        0  stm32fxxx_it.o(i.OTG_FS_IRQHandler)
    i.OTG_FS_WKUP_IRQHandler                 0x080021f4   Section        0  stm32fxxx_it.o(i.OTG_FS_WKUP_IRQHandler)
    i.PendSV_Handler                         0x08002254   Section        0  stm32fxxx_it.o(i.PendSV_Handler)
    i.RCC_AHB1PeriphClockCmd                 0x08002258   Section        0  stm32f4xx_rcc.o(i.RCC_AHB1PeriphClockCmd)
    i.RCC_AHB2PeriphClockCmd                 0x08002278   Section        0  stm32f4xx_rcc.o(i.RCC_AHB2PeriphClockCmd)
    i.RCC_AHB3PeriphClockCmd                 0x08002298   Section        0  stm32f4xx_rcc.o(i.RCC_AHB3PeriphClockCmd)
    i.RCC_APB1PeriphClockCmd                 0x080022b8   Section        0  stm32f4xx_rcc.o(i.RCC_APB1PeriphClockCmd)
    i.RCC_APB1PeriphResetCmd                 0x080022d8   Section        0  stm32f4xx_rcc.o(i.RCC_APB1PeriphResetCmd)
    i.RCC_APB2PeriphClockCmd                 0x080022f8   Section        0  stm32f4xx_rcc.o(i.RCC_APB2PeriphClockCmd)
    i.RCC_GetClocksFreq                      0x08002318   Section        0  stm32f4xx_rcc.o(i.RCC_GetClocksFreq)
    i.RCC_GetFlagStatus                      0x08002400   Section        0  stm32f4xx_rcc.o(i.RCC_GetFlagStatus)
    i.RCC_GetSYSCLKSource                    0x08002440   Section        0  stm32f4xx_rcc.o(i.RCC_GetSYSCLKSource)
    i.RCC_HSEConfig                          0x08002450   Section        0  stm32f4xx_rcc.o(i.RCC_HSEConfig)
    i.RCC_PLLCmd                             0x08002460   Section        0  stm32f4xx_rcc.o(i.RCC_PLLCmd)
    i.RCC_SYSCLKConfig                       0x0800246c   Section        0  stm32f4xx_rcc.o(i.RCC_SYSCLKConfig)
    i.STM324xG_LCD_Init                      0x08002484   Section        0  stm324xg_eval_lcd.o(i.STM324xG_LCD_Init)
    i.STM_EVAL_LEDInit                       0x080028a0   Section        0  stm324xg_eval.o(i.STM_EVAL_LEDInit)
    i.STM_EVAL_LEDToggle                     0x080028ec   Section        0  stm324xg_eval.o(i.STM_EVAL_LEDToggle)
    i.STM_EVAL_PBInit                        0x08002910   Section        0  stm324xg_eval.o(i.STM_EVAL_PBInit)
    i.SVC_Handler                            0x080029c8   Section        0  stm32fxxx_it.o(i.SVC_Handler)
    i.SYSCFG_EXTILineConfig                  0x080029cc   Section        0  stm32f4xx_syscfg.o(i.SYSCFG_EXTILineConfig)
    i.SetSysClock                            0x08002a0c   Section        0  system_stm32f4xx.o(i.SetSysClock)
    SetSysClock                              0x08002a0d   Thumb Code   220  system_stm32f4xx.o(i.SetSysClock)
    i.SysTick_Handler                        0x08002af8   Section        0  stm32fxxx_it.o(i.SysTick_Handler)
    i.SystemInit                             0x08002b28   Section        0  system_stm32f4xx.o(i.SystemInit)
    i.USBD_ClrCfg                            0x08002b90   Section        0  usbd_core.o(i.USBD_ClrCfg)
    i.USBD_ClrFeature                        0x08002ba6   Section        0  usbd_req.o(i.USBD_ClrFeature)
    USBD_ClrFeature                          0x08002ba7   Thumb Code    72  usbd_req.o(i.USBD_ClrFeature)
    i.USBD_CtlContinueRx                     0x08002bee   Section        0  usbd_ioreq.o(i.USBD_CtlContinueRx)
    i.USBD_CtlContinueSendData               0x08002c0c   Section        0  usbd_ioreq.o(i.USBD_CtlContinueSendData)
    i.USBD_CtlError                          0x08002c2a   Section        0  usbd_req.o(i.USBD_CtlError)
    i.USBD_CtlPrepareRx                      0x08002c48   Section        0  usbd_ioreq.o(i.USBD_CtlPrepareRx)
    i.USBD_CtlReceiveStatus                  0x08002c76   Section        0  usbd_ioreq.o(i.USBD_CtlReceiveStatus)
    i.USBD_CtlSendData                       0x08002c9a   Section        0  usbd_ioreq.o(i.USBD_CtlSendData)
    i.USBD_CtlSendStatus                     0x08002cc8   Section        0  usbd_ioreq.o(i.USBD_CtlSendStatus)
    i.USBD_DataInStage                       0x08002cec   Section        0  usbd_core.o(i.USBD_DataInStage)
    USBD_DataInStage                         0x08002ced   Thumb Code   208  usbd_core.o(i.USBD_DataInStage)
    i.USBD_DataOutStage                      0x08002dbc   Section        0  usbd_core.o(i.USBD_DataOutStage)
    USBD_DataOutStage                        0x08002dbd   Thumb Code   150  usbd_core.o(i.USBD_DataOutStage)
    i.USBD_DeInit                            0x08002e52   Section        0  usbd_core.o(i.USBD_DeInit)
    i.USBD_DevConnected                      0x08002e58   Section        0  usbd_core.o(i.USBD_DevConnected)
    USBD_DevConnected                        0x08002e59   Thumb Code    24  usbd_core.o(i.USBD_DevConnected)
    i.USBD_DevDisconnected                   0x08002e70   Section        0  usbd_core.o(i.USBD_DevDisconnected)
    USBD_DevDisconnected                     0x08002e71   Thumb Code    36  usbd_core.o(i.USBD_DevDisconnected)
    i.USBD_GetConfig                         0x08002e94   Section        0  usbd_req.o(i.USBD_GetConfig)
    USBD_GetConfig                           0x08002e95   Thumb Code    78  usbd_req.o(i.USBD_GetConfig)
    i.USBD_GetDescriptor                     0x08002ee8   Section        0  usbd_req.o(i.USBD_GetDescriptor)
    USBD_GetDescriptor                       0x08002ee9   Thumb Code   290  usbd_req.o(i.USBD_GetDescriptor)
    i.USBD_GetLen                            0x0800300a   Section        0  usbd_req.o(i.USBD_GetLen)
    USBD_GetLen                              0x0800300b   Thumb Code    20  usbd_req.o(i.USBD_GetLen)
    i.USBD_GetStatus                         0x08003020   Section        0  usbd_req.o(i.USBD_GetStatus)
    USBD_GetStatus                           0x08003021   Thumb Code    74  usbd_req.o(i.USBD_GetStatus)
    i.USBD_GetString                         0x08003070   Section        0  usbd_req.o(i.USBD_GetString)
    i.USBD_HID_DataIn                        0x080030c2   Section        0  usbd_hid_core.o(i.USBD_HID_DataIn)
    USBD_HID_DataIn                          0x080030c3   Thumb Code    18  usbd_hid_core.o(i.USBD_HID_DataIn)
    i.USBD_HID_DeInit                        0x080030d4   Section        0  usbd_hid_core.o(i.USBD_HID_DeInit)
    USBD_HID_DeInit                          0x080030d5   Thumb Code    26  usbd_hid_core.o(i.USBD_HID_DeInit)
    i.USBD_HID_GetCfgDesc                    0x080030f0   Section        0  usbd_hid_core.o(i.USBD_HID_GetCfgDesc)
    USBD_HID_GetCfgDesc                      0x080030f1   Thumb Code    10  usbd_hid_core.o(i.USBD_HID_GetCfgDesc)
    i.USBD_HID_GetPos                        0x08003100   Section        0  stm32fxxx_it.o(i.USBD_HID_GetPos)
    USBD_HID_GetPos                          0x08003101   Thumb Code    78  stm32fxxx_it.o(i.USBD_HID_GetPos)
    i.USBD_HID_Init                          0x08003154   Section        0  usbd_hid_core.o(i.USBD_HID_Init)
    USBD_HID_Init                            0x08003155   Thumb Code    34  usbd_hid_core.o(i.USBD_HID_Init)
    i.USBD_HID_SendReport                    0x08003176   Section        0  usbd_hid_core.o(i.USBD_HID_SendReport)
    i.USBD_HID_Setup                         0x08003198   Section        0  usbd_hid_core.o(i.USBD_HID_Setup)
    USBD_HID_Setup                           0x08003199   Thumb Code   264  usbd_hid_core.o(i.USBD_HID_Setup)
    i.USBD_Init                              0x080032b8   Section        0  usbd_core.o(i.USBD_Init)
    i.USBD_IsoINIncomplete                   0x080032fa   Section        0  usbd_core.o(i.USBD_IsoINIncomplete)
    USBD_IsoINIncomplete                     0x080032fb   Thumb Code    18  usbd_core.o(i.USBD_IsoINIncomplete)
    i.USBD_IsoOUTIncomplete                  0x0800330c   Section        0  usbd_core.o(i.USBD_IsoOUTIncomplete)
    USBD_IsoOUTIncomplete                    0x0800330d   Thumb Code    18  usbd_core.o(i.USBD_IsoOUTIncomplete)
    i.USBD_OTG_ISR_Handler                   0x0800331e   Section        0  usb_dcd_int.o(i.USBD_OTG_ISR_Handler)
    i.USBD_ParseSetupRequest                 0x0800341e   Section        0  usbd_req.o(i.USBD_ParseSetupRequest)
    i.USBD_Reset                             0x08003466   Section        0  usbd_core.o(i.USBD_Reset)
    USBD_Reset                               0x08003467   Thumb Code    50  usbd_core.o(i.USBD_Reset)
    i.USBD_Resume                            0x08003498   Section        0  usbd_core.o(i.USBD_Resume)
    USBD_Resume                              0x08003499   Thumb Code    30  usbd_core.o(i.USBD_Resume)
    i.USBD_RunTestMode                       0x080034b8   Section        0  usbd_core.o(i.USBD_RunTestMode)
    USBD_RunTestMode                         0x080034b9   Thumb Code    14  usbd_core.o(i.USBD_RunTestMode)
    i.USBD_SOF                               0x080034cc   Section        0  usbd_core.o(i.USBD_SOF)
    USBD_SOF                                 0x080034cd   Thumb Code    26  usbd_core.o(i.USBD_SOF)
    i.USBD_SetAddress                        0x080034e6   Section        0  usbd_req.o(i.USBD_SetAddress)
    USBD_SetAddress                          0x080034e7   Thumb Code    92  usbd_req.o(i.USBD_SetAddress)
    i.USBD_SetCfg                            0x08003542   Section        0  usbd_core.o(i.USBD_SetCfg)
    i.USBD_SetConfig                         0x08003560   Section        0  usbd_req.o(i.USBD_SetConfig)
    USBD_SetConfig                           0x08003561   Thumb Code   204  usbd_req.o(i.USBD_SetConfig)
    i.USBD_SetFeature                        0x08003630   Section        0  usbd_req.o(i.USBD_SetFeature)
    USBD_SetFeature                          0x08003631   Thumb Code   160  usbd_req.o(i.USBD_SetFeature)
    i.USBD_SetupStage                        0x080036d4   Section        0  usbd_core.o(i.USBD_SetupStage)
    USBD_SetupStage                          0x080036d5   Thumb Code    84  usbd_core.o(i.USBD_SetupStage)
    i.USBD_StdDevReq                         0x08003728   Section        0  usbd_req.o(i.USBD_StdDevReq)
    i.USBD_StdEPReq                          0x0800379c   Section        0  usbd_req.o(i.USBD_StdEPReq)
    i.USBD_StdItfReq                         0x080038f8   Section        0  usbd_req.o(i.USBD_StdItfReq)
    i.USBD_Suspend                           0x08003944   Section        0  usbd_core.o(i.USBD_Suspend)
    USBD_Suspend                             0x08003945   Thumb Code    32  usbd_core.o(i.USBD_Suspend)
    i.USBD_USR_ConfigStrDescriptor           0x08003964   Section        0  usbd_desc.o(i.USBD_USR_ConfigStrDescriptor)
    i.USBD_USR_DeviceConfigured              0x08003998   Section        0  usbd_usr.o(i.USBD_USR_DeviceConfigured)
    i.USBD_USR_DeviceConnected               0x080039cc   Section        0  usbd_usr.o(i.USBD_USR_DeviceConnected)
    i.USBD_USR_DeviceDescriptor              0x08003a00   Section        0  usbd_desc.o(i.USBD_USR_DeviceDescriptor)
    i.USBD_USR_DeviceDisconnected            0x08003a10   Section        0  usbd_usr.o(i.USBD_USR_DeviceDisconnected)
    i.USBD_USR_DeviceReset                   0x08003a44   Section        0  usbd_usr.o(i.USBD_USR_DeviceReset)
    i.USBD_USR_DeviceResumed                 0x08003ad8   Section        0  usbd_usr.o(i.USBD_USR_DeviceResumed)
    i.USBD_USR_DeviceSuspended               0x08003b0c   Section        0  usbd_usr.o(i.USBD_USR_DeviceSuspended)
    i.USBD_USR_Init                          0x08003b44   Section        0  usbd_usr.o(i.USBD_USR_Init)
    i.USBD_USR_InterfaceStrDescriptor        0x08003c94   Section        0  usbd_desc.o(i.USBD_USR_InterfaceStrDescriptor)
    i.USBD_USR_LangIDStrDescriptor           0x08003ccc   Section        0  usbd_desc.o(i.USBD_USR_LangIDStrDescriptor)
    i.USBD_USR_ManufacturerStrDescriptor     0x08003cdc   Section        0  usbd_desc.o(i.USBD_USR_ManufacturerStrDescriptor)
    i.USBD_USR_ProductStrDescriptor          0x08003d08   Section        0  usbd_desc.o(i.USBD_USR_ProductStrDescriptor)
    i.USBD_USR_SerialStrDescriptor           0x08003d54   Section        0  usbd_desc.o(i.USBD_USR_SerialStrDescriptor)
    i.USB_OTG_ActiveRemoteWakeup             0x08003d94   Section        0  usb_core.o(i.USB_OTG_ActiveRemoteWakeup)
    i.USB_OTG_BSP_EnableInterrupt            0x08003dfe   Section        0  usb_bsp.o(i.USB_OTG_BSP_EnableInterrupt)
    i.USB_OTG_BSP_Init                       0x08003e2c   Section        0  usb_bsp.o(i.USB_OTG_BSP_Init)
    i.USB_OTG_BSP_mDelay                     0x08003f50   Section        0  usb_bsp.o(i.USB_OTG_BSP_mDelay)
    i.USB_OTG_BSP_uDelay                     0x08003f62   Section        0  usb_bsp.o(i.USB_OTG_BSP_uDelay)
    i.USB_OTG_CoreInit                       0x08003f80   Section        0  usb_core.o(i.USB_OTG_CoreInit)
    i.USB_OTG_CoreInitDev                    0x0800409a   Section        0  usb_core.o(i.USB_OTG_CoreInitDev)
    i.USB_OTG_CoreReset                      0x080042a4   Section        0  usb_core.o(i.USB_OTG_CoreReset)
    USB_OTG_CoreReset                        0x080042a5   Thumb Code   108  usb_core.o(i.USB_OTG_CoreReset)
    i.USB_OTG_DisableGlobalInt               0x08004314   Section        0  usb_core.o(i.USB_OTG_DisableGlobalInt)
    i.USB_OTG_EP0Activate                    0x08004336   Section        0  usb_core.o(i.USB_OTG_EP0Activate)
    i.USB_OTG_EP0StartXfer                   0x080043a0   Section        0  usb_core.o(i.USB_OTG_EP0StartXfer)
    i.USB_OTG_EP0_OutStart                   0x080044f6   Section        0  usb_core.o(i.USB_OTG_EP0_OutStart)
    i.USB_OTG_EPActivate                     0x08004558   Section        0  usb_core.o(i.USB_OTG_EPActivate)
    i.USB_OTG_EPClearStall                   0x080045f0   Section        0  usb_core.o(i.USB_OTG_EPClearStall)
    i.USB_OTG_EPDeactivate                   0x08004640   Section        0  usb_core.o(i.USB_OTG_EPDeactivate)
    i.USB_OTG_EPSetStall                     0x0800469e   Section        0  usb_core.o(i.USB_OTG_EPSetStall)
    i.USB_OTG_EPStartXfer                    0x08004702   Section        0  usb_core.o(i.USB_OTG_EPStartXfer)
    i.USB_OTG_EnableCommonInt                0x080048f8   Section        0  usb_core.o(i.USB_OTG_EnableCommonInt)
    USB_OTG_EnableCommonInt                  0x080048f9   Thumb Code    52  usb_core.o(i.USB_OTG_EnableCommonInt)
    i.USB_OTG_EnableDevInt                   0x0800492c   Section        0  usb_core.o(i.USB_OTG_EnableDevInt)
    i.USB_OTG_EnableGlobalInt                0x080049dc   Section        0  usb_core.o(i.USB_OTG_EnableGlobalInt)
    i.USB_OTG_FlushRxFifo                    0x08004a00   Section        0  usb_core.o(i.USB_OTG_FlushRxFifo)
    i.USB_OTG_FlushTxFifo                    0x08004a4c   Section        0  usb_core.o(i.USB_OTG_FlushTxFifo)
    i.USB_OTG_GetDeviceSpeed                 0x08004aa0   Section        0  usb_core.o(i.USB_OTG_GetDeviceSpeed)
    i.USB_OTG_GetMode                        0x08004ad4   Section        0  usb_core.o(i.USB_OTG_GetMode)
    i.USB_OTG_InitDevSpeed                   0x08004ae0   Section        0  usb_core.o(i.USB_OTG_InitDevSpeed)
    i.USB_OTG_IsDeviceMode                   0x08004af8   Section        0  usb_core.o(i.USB_OTG_IsDeviceMode)
    i.USB_OTG_ReadCoreItr                    0x08004b0e   Section        0  usb_core.o(i.USB_OTG_ReadCoreItr)
    i.USB_OTG_ReadDevAllInEPItr              0x08004b1e   Section        0  usb_core.o(i.USB_OTG_ReadDevAllInEPItr)
    i.USB_OTG_ReadDevAllOutEp_itr            0x08004b2e   Section        0  usb_core.o(i.USB_OTG_ReadDevAllOutEp_itr)
    i.USB_OTG_ReadDevOutEP_itr               0x08004b3e   Section        0  usb_core.o(i.USB_OTG_ReadDevOutEP_itr)
    i.USB_OTG_ReadPacket                     0x08004b52   Section        0  usb_core.o(i.USB_OTG_ReadPacket)
    i.USB_OTG_SelectCore                     0x08004b7c   Section        0  usb_core.o(i.USB_OTG_SelectCore)
    i.USB_OTG_SetCurrentMode                 0x08004c50   Section        0  usb_core.o(i.USB_OTG_SetCurrentMode)
    i.USB_OTG_UngateClock                    0x08004c9e   Section        0  usb_core.o(i.USB_OTG_UngateClock)
    i.USB_OTG_WritePacket                    0x08004cd4   Section        0  usb_core.o(i.USB_OTG_WritePacket)
    i.UsageFault_Handler                     0x08004d14   Section        0  stm32fxxx_it.o(i.UsageFault_Handler)
    i.__0printf$bare                         0x08004d18   Section        0  printfb.o(i.__0printf$bare)
    i.__scatterload_copy                     0x08004d28   Section       14  handlers.o(i.__scatterload_copy)
    i.__scatterload_null                     0x08004d36   Section        2  handlers.o(i.__scatterload_null)
    i.__scatterload_zeroinit                 0x08004d38   Section       14  handlers.o(i.__scatterload_zeroinit)
    i._printf_core                           0x08004d46   Section        0  printfb.o(i._printf_core)
    _printf_core                             0x08004d47   Thumb Code    34  printfb.o(i._printf_core)
    i.delay                                  0x08004d68   Section        0  stm324xg_eval_lcd.o(i.delay)
    delay                                    0x08004d69   Thumb Code    32  stm324xg_eval_lcd.o(i.delay)
    i.delay                                  0x08004d8c   Section        0  stm324xg_eval_ioe.o(i.delay)
    delay                                    0x08004d8d   Thumb Code    32  stm324xg_eval_ioe.o(i.delay)
    i.fputc                                  0x08004db0   Section        0  lcd_log.o(i.fputc)
    i.main                                   0x08004f3c   Section        0  app.o(i.main)
    i.usbd_hid_EP0_RxReady                   0x08004f84   Section        0  usbd_hid_core.o(i.usbd_hid_EP0_RxReady)
    usbd_hid_EP0_RxReady                     0x08004f85   Thumb Code     6  usbd_hid_core.o(i.usbd_hid_EP0_RxReady)
    .constdata                               0x08004f8a   Section    10704  stm324xg_eval_lcd.o(.constdata)
    .constdata                               0x0800795c   Section       92  stm324xg_eval.o(.constdata)
    .data                                    0x20000000   Section       10  stm32fxxx_it.o(.data)
    HID_Buffer                               0x20000006   Data           4  stm32fxxx_it.o(.data)
    .data                                    0x2000000c   Section       28  usbd_usr.o(.data)
    .data                                    0x20000028   Section       60  usbd_desc.o(.data)
    .data                                    0x20000064   Section       13  usbd_req.o(.data)
    cfgidx                                   0x20000070   Data           1  usbd_req.o(.data)
    .data                                    0x20000074   Section       52  usbd_core.o(.data)
    .data                                    0x200000a8   Section      132  usbd_hid_core.o(.data)
    USBD_HID_AltSet                          0x200000dc   Data           4  usbd_hid_core.o(.data)
    USBD_HID_Protocol                        0x200000e0   Data           4  usbd_hid_core.o(.data)
    USBD_HID_IdleState                       0x200000e4   Data           4  usbd_hid_core.o(.data)
    USBD_HID_CfgDesc                         0x200000e8   Data          34  usbd_hid_core.o(.data)
    HID_MOUSE_ReportDesc                     0x2000010a   Data          34  usbd_hid_core.o(.data)
    .data                                    0x2000012c   Section       18  lcd_log.o(.data)
    .data                                    0x20000140   Section       20  system_stm32f4xx.o(.data)
    .data                                    0x20000154   Section       40  stm324xg_eval_lcd.o(.data)
    LCD_Currentfonts                         0x20000174   Data           4  stm324xg_eval_lcd.o(.data)
    .data                                    0x2000017c   Section       44  stm324xg_eval.o(.data)
    .data                                    0x200001a8   Section       24  stm324xg_eval_ioe.o(.data)
    _x                                       0x200001b4   Data           4  stm324xg_eval_ioe.o(.data)
    _y                                       0x200001b8   Data           4  stm324xg_eval_ioe.o(.data)
    tmp                                      0x200001bc   Data           4  stm324xg_eval_ioe.o(.data)
    .data                                    0x200001c0   Section       16  stm32f4xx_rcc.o(.data)
    APBAHBPrescTable                         0x200001c0   Data          16  stm32f4xx_rcc.o(.data)
    .data                                    0x200001d0   Section        4  stdout.o(.data)
    .bss                                     0x200001d4   Section     1524  app.o(.bss)
    .bss                                     0x200007c8   Section       64  usbd_req.o(.bss)
    .bss                                     0x20000808   Section      468  lcd_log.o(.bss)
    STACK                                    0x200009e0   Section     1024  startup_stm32f4xx.o(STACK)

    Global Symbols

    Symbol Name                              Value     Ov Type        Size  Object(Section)

    BuildAttributes$$THM_ISAv4$E$P$D$K$B$S$7EM$VFPi3$EXTD16$VFPS$VFMA$PE$A:L22UL41UL21$X:L11$S22US41US21$IEEE1$IW$USESV6$~STKCKD$USESV7$~SHL$OSPACE$ROPI$EBA8$MICROLIB$REQ8$PRES8$EABIv2 0x00000000   Number         0  anon$$obj.o ABSOLUTE
    __ARM_use_no_argv                        0x00000000   Number         0  app.o ABSOLUTE
    __cpp_initialize__aeabi_                  - Undefined Weak Reference
    __cxa_finalize                            - Undefined Weak Reference
    _clock_init                               - Undefined Weak Reference
    _microlib_exit                            - Undefined Weak Reference
    __Vectors_Size                           0x00000188   Number         0  startup_stm32f4xx.o ABSOLUTE
    __Vectors                                0x08000000   Data           4  startup_stm32f4xx.o(RESET)
    __Vectors_End                            0x08000188   Data           0  startup_stm32f4xx.o(RESET)
    __main                                   0x08000189   Thumb Code     0  entry.o(.ARM.Collect$$$$00000000)
    _main_stk                                0x08000189   Thumb Code     0  entry2.o(.ARM.Collect$$$$00000001)
    _main_scatterload                        0x0800018d   Thumb Code     0  entry5.o(.ARM.Collect$$$$00000004)
    __main_after_scatterload                 0x08000191   Thumb Code     0  entry5.o(.ARM.Collect$$$$00000004)
    _main_clock                              0x08000191   Thumb Code     0  entry7b.o(.ARM.Collect$$$$00000008)
    _main_cpp_init                           0x08000191   Thumb Code     0  entry8b.o(.ARM.Collect$$$$0000000A)
    _main_init                               0x08000191   Thumb Code     0  entry9a.o(.ARM.Collect$$$$0000000B)
    __rt_final_cpp                           0x08000199   Thumb Code     0  entry10a.o(.ARM.Collect$$$$0000000D)
    __rt_final_exit                          0x08000199   Thumb Code     0  entry11a.o(.ARM.Collect$$$$0000000F)
    Reset_Handler                            0x0800019d   Thumb Code     8  startup_stm32f4xx.o(.text)
    ADC_IRQHandler                           0x080001b7   Thumb Code     0  startup_stm32f4xx.o(.text)
    CAN1_RX0_IRQHandler                      0x080001b7   Thumb Code     0  startup_stm32f4xx.o(.text)
    CAN1_RX1_IRQHandler                      0x080001b7   Thumb Code     0  startup_stm32f4xx.o(.text)
    CAN1_SCE_IRQHandler                      0x080001b7   Thumb Code     0  startup_stm32f4xx.o(.text)
    CAN1_TX_IRQHandler                       0x080001b7   Thumb Code     0  startup_stm32f4xx.o(.text)
    CAN2_RX0_IRQHandler                      0x080001b7   Thumb Code     0  startup_stm32f4xx.o(.text)
    CAN2_RX1_IRQHandler                      0x080001b7   Thumb Code     0  startup_stm32f4xx.o(.text)
    CAN2_SCE_IRQHandler                      0x080001b7   Thumb Code     0  startup_stm32f4xx.o(.text)
    CAN2_TX_IRQHandler                       0x080001b7   Thumb Code     0  startup_stm32f4xx.o(.text)
    CRYP_IRQHandler                          0x080001b7   Thumb Code     0  startup_stm32f4xx.o(.text)
    DCMI_IRQHandler                          0x080001b7   Thumb Code     0  startup_stm32f4xx.o(.text)
    DMA1_Stream0_IRQHandler                  0x080001b7   Thumb Code     0  startup_stm32f4xx.o(.text)
    DMA1_Stream1_IRQHandler                  0x080001b7   Thumb Code     0  startup_stm32f4xx.o(.text)
    DMA1_Stream2_IRQHandler                  0x080001b7   Thumb Code     0  startup_stm32f4xx.o(.text)
    DMA1_Stream3_IRQHandler                  0x080001b7   Thumb Code     0  startup_stm32f4xx.o(.text)
    DMA1_Stream4_IRQHandler                  0x080001b7   Thumb Code     0  startup_stm32f4xx.o(.text)
    DMA1_Stream5_IRQHandler                  0x080001b7   Thumb Code     0  startup_stm32f4xx.o(.text)
    DMA1_Stream6_IRQHandler                  0x080001b7   Thumb Code     0  startup_stm32f4xx.o(.text)
    DMA1_Stream7_IRQHandler                  0x080001b7   Thumb Code     0  startup_stm32f4xx.o(.text)
    DMA2_Stream0_IRQHandler                  0x080001b7   Thumb Code     0  startup_stm32f4xx.o(.text)
    DMA2_Stream1_IRQHandler                  0x080001b7   Thumb Code     0  startup_stm32f4xx.o(.text)
    DMA2_Stream2_IRQHandler                  0x080001b7   Thumb Code     0  startup_stm32f4xx.o(.text)
    DMA2_Stream3_IRQHandler                  0x080001b7   Thumb Code     0  startup_stm32f4xx.o(.text)
    DMA2_Stream4_IRQHandler                  0x080001b7   Thumb Code     0  startup_stm32f4xx.o(.text)
    DMA2_Stream5_IRQHandler                  0x080001b7   Thumb Code     0  startup_stm32f4xx.o(.text)
    DMA2_Stream6_IRQHandler                  0x080001b7   Thumb Code     0  startup_stm32f4xx.o(.text)
    DMA2_Stream7_IRQHandler                  0x080001b7   Thumb Code     0  startup_stm32f4xx.o(.text)
    ETH_IRQHandler                           0x080001b7   Thumb Code     0  startup_stm32f4xx.o(.text)
    ETH_WKUP_IRQHandler                      0x080001b7   Thumb Code     0  startup_stm32f4xx.o(.text)
    EXTI0_IRQHandler                         0x080001b7   Thumb Code     0  startup_stm32f4xx.o(.text)
    EXTI1_IRQHandler                         0x080001b7   Thumb Code     0  startup_stm32f4xx.o(.text)
    EXTI2_IRQHandler                         0x080001b7   Thumb Code     0  startup_stm32f4xx.o(.text)
    EXTI3_IRQHandler                         0x080001b7   Thumb Code     0  startup_stm32f4xx.o(.text)
    EXTI4_IRQHandler                         0x080001b7   Thumb Code     0  startup_stm32f4xx.o(.text)
    EXTI9_5_IRQHandler                       0x080001b7   Thumb Code     0  startup_stm32f4xx.o(.text)
    FLASH_IRQHandler                         0x080001b7   Thumb Code     0  startup_stm32f4xx.o(.text)
    FPU_IRQHandler                           0x080001b7   Thumb Code     0  startup_stm32f4xx.o(.text)
    FSMC_IRQHandler                          0x080001b7   Thumb Code     0  startup_stm32f4xx.o(.text)
    HASH_RNG_IRQHandler                      0x080001b7   Thumb Code     0  startup_stm32f4xx.o(.text)
    I2C1_ER_IRQHandler                       0x080001b7   Thumb Code     0  startup_stm32f4xx.o(.text)
    I2C1_EV_IRQHandler                       0x080001b7   Thumb Code     0  startup_stm32f4xx.o(.text)
    I2C2_ER_IRQHandler                       0x080001b7   Thumb Code     0  startup_stm32f4xx.o(.text)
    I2C2_EV_IRQHandler                       0x080001b7   Thumb Code     0  startup_stm32f4xx.o(.text)
    I2C3_ER_IRQHandler                       0x080001b7   Thumb Code     0  startup_stm32f4xx.o(.text)
    I2C3_EV_IRQHandler                       0x080001b7   Thumb Code     0  startup_stm32f4xx.o(.text)
    OTG_HS_EP1_IN_IRQHandler                 0x080001b7   Thumb Code     0  startup_stm32f4xx.o(.text)
    OTG_HS_EP1_OUT_IRQHandler                0x080001b7   Thumb Code     0  startup_stm32f4xx.o(.text)
    OTG_HS_IRQHandler                        0x080001b7   Thumb Code     0  startup_stm32f4xx.o(.text)
    OTG_HS_WKUP_IRQHandler                   0x080001b7   Thumb Code     0  startup_stm32f4xx.o(.text)
    PVD_IRQHandler                           0x080001b7   Thumb Code     0  startup_stm32f4xx.o(.text)
    RCC_IRQHandler                           0x080001b7   Thumb Code     0  startup_stm32f4xx.o(.text)
    RTC_Alarm_IRQHandler                     0x080001b7   Thumb Code     0  startup_stm32f4xx.o(.text)
    RTC_WKUP_IRQHandler                      0x080001b7   Thumb Code     0  startup_stm32f4xx.o(.text)
    SDIO_IRQHandler                          0x080001b7   Thumb Code     0  startup_stm32f4xx.o(.text)
    SPI1_IRQHandler                          0x080001b7   Thumb Code     0  startup_stm32f4xx.o(.text)
    SPI2_IRQHandler                          0x080001b7   Thumb Code     0  startup_stm32f4xx.o(.text)
    SPI3_IRQHandler                          0x080001b7   Thumb Code     0  startup_stm32f4xx.o(.text)
    TAMP_STAMP_IRQHandler                    0x080001b7   Thumb Code     0  startup_stm32f4xx.o(.text)
    TIM1_BRK_TIM9_IRQHandler                 0x080001b7   Thumb Code     0  startup_stm32f4xx.o(.text)
    TIM1_CC_IRQHandler                       0x080001b7   Thumb Code     0  startup_stm32f4xx.o(.text)
    TIM1_TRG_COM_TIM11_IRQHandler            0x080001b7   Thumb Code     0  startup_stm32f4xx.o(.text)
    TIM1_UP_TIM10_IRQHandler                 0x080001b7   Thumb Code     0  startup_stm32f4xx.o(.text)
    TIM2_IRQHandler                          0x080001b7   Thumb Code     0  startup_stm32f4xx.o(.text)
    TIM3_IRQHandler                          0x080001b7   Thumb Code     0  startup_stm32f4xx.o(.text)
    TIM4_IRQHandler                          0x080001b7   Thumb Code     0  startup_stm32f4xx.o(.text)
    TIM5_IRQHandler                          0x080001b7   Thumb Code     0  startup_stm32f4xx.o(.text)
    TIM6_DAC_IRQHandler                      0x080001b7   Thumb Code     0  startup_stm32f4xx.o(.text)
    TIM7_IRQHandler                          0x080001b7   Thumb Code     0  startup_stm32f4xx.o(.text)
    TIM8_BRK_TIM12_IRQHandler                0x080001b7   Thumb Code     0  startup_stm32f4xx.o(.text)
    TIM8_CC_IRQHandler                       0x080001b7   Thumb Code     0  startup_stm32f4xx.o(.text)
    TIM8_TRG_COM_TIM14_IRQHandler            0x080001b7   Thumb Code     0  startup_stm32f4xx.o(.text)
    TIM8_UP_TIM13_IRQHandler                 0x080001b7   Thumb Code     0  startup_stm32f4xx.o(.text)
    UART4_IRQHandler                         0x080001b7   Thumb Code     0  startup_stm32f4xx.o(.text)
    UART5_IRQHandler                         0x080001b7   Thumb Code     0  startup_stm32f4xx.o(.text)
    USART1_IRQHandler                        0x080001b7   Thumb Code     0  startup_stm32f4xx.o(.text)
    USART2_IRQHandler                        0x080001b7   Thumb Code     0  startup_stm32f4xx.o(.text)
    USART3_IRQHandler                        0x080001b7   Thumb Code     0  startup_stm32f4xx.o(.text)
    USART6_IRQHandler                        0x080001b7   Thumb Code     0  startup_stm32f4xx.o(.text)
    WWDG_IRQHandler                          0x080001b7   Thumb Code     0  startup_stm32f4xx.o(.text)
    __scatterload                            0x080001c1   Thumb Code    28  init.o(.text)
    __scatterload_rt2                        0x080001c1   Thumb Code     0  init.o(.text)
    __decompress                             0x080001e5   Thumb Code     0  __dczerorl2.o(.text)
    __decompress1                            0x080001e5   Thumb Code    86  __dczerorl2.o(.text)
    BusFault_Handler                         0x0800023b   Thumb Code     4  stm32fxxx_it.o(i.BusFault_Handler)
    DCD_EP_Close                             0x0800023f   Thumb Code    74  usb_dcd.o(i.DCD_EP_Close)
    DCD_EP_ClrStall                          0x08000289   Thumb Code    72  usb_dcd.o(i.DCD_EP_ClrStall)
    DCD_EP_Flush                             0x080002d1   Thumb Code    36  usb_dcd.o(i.DCD_EP_Flush)
    DCD_EP_Open                              0x080002f5   Thumb Code   104  usb_dcd.o(i.DCD_EP_Open)
    DCD_EP_PrepareRx                         0x0800035d   Thumb Code    82  usb_dcd.o(i.DCD_EP_PrepareRx)
    DCD_EP_SetAddress                        0x080003af   Thumb Code    28  usb_dcd.o(i.DCD_EP_SetAddress)
    DCD_EP_Stall                             0x080003cb   Thumb Code    72  usb_dcd.o(i.DCD_EP_Stall)
    DCD_EP_Tx                                0x08000413   Thumb Code    78  usb_dcd.o(i.DCD_EP_Tx)
    DCD_Init                                 0x080009fd   Thumb Code   156  usb_dcd.o(i.DCD_Init)
    DMA_ClearFlag                            0x08000c01   Thumb Code    38  stm32f4xx_dma.o(i.DMA_ClearFlag)
    DMA_Cmd                                  0x08000c35   Thumb Code    22  stm32f4xx_dma.o(i.DMA_Cmd)
    DMA_DeInit                               0x08000c4d   Thumb Code   324  stm32f4xx_dma.o(i.DMA_DeInit)
    DMA_GetFlagStatus                        0x08000da5   Thumb Code    54  stm32f4xx_dma.o(i.DMA_GetFlagStatus)
    DMA_Init                                 0x08000de9   Thumb Code    82  stm32f4xx_dma.o(i.DMA_Init)
    DebugMon_Handler                         0x08000e41   Thumb Code     2  stm32fxxx_it.o(i.DebugMon_Handler)
    EXTI15_10_IRQHandler                     0x08000e45   Thumb Code   156  stm32fxxx_it.o(i.EXTI15_10_IRQHandler)
    EXTI_ClearITPendingBit                   0x08000f09   Thumb Code     6  stm32f4xx_exti.o(i.EXTI_ClearITPendingBit)
    EXTI_GetITStatus                         0x08000f15   Thumb Code    34  stm32f4xx_exti.o(i.EXTI_GetITStatus)
    EXTI_Init                                0x08000f3d   Thumb Code   142  stm32f4xx_exti.o(i.EXTI_Init)
    FSMC_NORSRAMCmd                          0x08000fd1   Thumb Code    46  stm32f4xx_fsmc.o(i.FSMC_NORSRAMCmd)
    FSMC_NORSRAMInit                         0x08001005   Thumb Code   230  stm32f4xx_fsmc.o(i.FSMC_NORSRAMInit)
    GPIO_Init                                0x080010eb   Thumb Code   144  stm32f4xx_gpio.o(i.GPIO_Init)
    GPIO_PinAFConfig                         0x0800117b   Thumb Code    70  stm32f4xx_gpio.o(i.GPIO_PinAFConfig)
    HardFault_Handler                        0x080011c1   Thumb Code     4  stm32fxxx_it.o(i.HardFault_Handler)
    I2C_CheckEvent                           0x080011c5   Thumb Code    42  stm32f4xx_i2c.o(i.I2C_CheckEvent)
    I2C_DMACmd                               0x080011ef   Thumb Code    24  stm32f4xx_i2c.o(i.I2C_DMACmd)
    I2C_DMALastTransferCmd                   0x08001207   Thumb Code    24  stm32f4xx_i2c.o(i.I2C_DMALastTransferCmd)
    I2C_GenerateSTART                        0x0800121f   Thumb Code    24  stm32f4xx_i2c.o(i.I2C_GenerateSTART)
    I2C_GenerateSTOP                         0x08001237   Thumb Code    24  stm32f4xx_i2c.o(i.I2C_GenerateSTOP)
    I2C_GetFlagStatus                        0x0800124f   Thumb Code    58  stm32f4xx_i2c.o(i.I2C_GetFlagStatus)
    I2C_Init                                 0x08001289   Thumb Code   218  stm32f4xx_i2c.o(i.I2C_Init)
    I2C_ReadDeviceRegister                   0x08001371   Thumb Code   382  stm324xg_eval_ioe.o(i.I2C_ReadDeviceRegister)
    I2C_Send7bitAddress                      0x08001509   Thumb Code    16  stm32f4xx_i2c.o(i.I2C_Send7bitAddress)
    I2C_SendData                             0x08001519   Thumb Code     4  stm32f4xx_i2c.o(i.I2C_SendData)
    I2C_WriteDeviceRegister                  0x0800151d   Thumb Code   298  stm324xg_eval_ioe.o(i.I2C_WriteDeviceRegister)
    IOE_Config                               0x08001661   Thumb Code   212  stm324xg_eval_ioe.o(i.IOE_Config)
    IOE_FnctCmd                              0x080017b5   Thumb Code    46  stm324xg_eval_ioe.o(i.IOE_FnctCmd)
    IOE_IOAFConfig                           0x080018bd   Thumb Code    46  stm324xg_eval_ioe.o(i.IOE_IOAFConfig)
    IOE_IOEdgeConfig                         0x080018eb   Thumb Code    80  stm324xg_eval_ioe.o(i.IOE_IOEdgeConfig)
    IOE_IOPinConfig                          0x0800193b   Thumb Code    46  stm324xg_eval_ioe.o(i.IOE_IOPinConfig)
    IOE_IsOperational                        0x08001969   Thumb Code    36  stm324xg_eval_ioe.o(i.IOE_IsOperational)
    IOE_JoyStickGetState                     0x08001991   Thumb Code    80  stm324xg_eval_ioe.o(i.IOE_JoyStickGetState)
    IOE_ReadID                               0x080019e1   Thumb Code    38  stm324xg_eval_ioe.o(i.IOE_ReadID)
    IOE_Reset                                0x08001a07   Thumb Code    34  stm324xg_eval_ioe.o(i.IOE_Reset)
    IOE_TS_Config                            0x08001a29   Thumb Code   196  stm324xg_eval_ioe.o(i.IOE_TS_Config)
    IOE_TempSens_Config                      0x08001af1   Thumb Code    62  stm324xg_eval_ioe.o(i.IOE_TempSens_Config)
    IOE_WriteIOPin                           0x08001b2f   Thumb Code    60  stm324xg_eval_ioe.o(i.IOE_WriteIOPin)
    LCD_Clear                                0x08001b6b   Thumb Code    40  stm324xg_eval_lcd.o(i.LCD_Clear)
    LCD_ClearLine                            0x08001b95   Thumb Code    46  stm324xg_eval_lcd.o(i.LCD_ClearLine)
    LCD_CtrlLinesConfig                      0x08001bc9   Thumb Code   286  stm324xg_eval_lcd.o(i.LCD_CtrlLinesConfig)
    LCD_DisplayChar                          0x08001cf9   Thumb Code    42  stm324xg_eval_lcd.o(i.LCD_DisplayChar)
    LCD_DisplayStringLine                    0x08001d29   Thumb Code    72  stm324xg_eval_lcd.o(i.LCD_DisplayStringLine)
    LCD_DrawChar                             0x08001d75   Thumb Code   160  stm324xg_eval_lcd.o(i.LCD_DrawChar)
    LCD_FSMCConfig                           0x08001e21   Thumb Code    98  stm324xg_eval_lcd.o(i.LCD_FSMCConfig)
    LCD_GetFont                              0x08001e85   Thumb Code     6  stm324xg_eval_lcd.o(i.LCD_GetFont)
    LCD_LOG_DeInit                           0x08001e91   Thumb Code    56  lcd_log.o(i.LCD_LOG_DeInit)
    LCD_LOG_Init                             0x08001ef5   Thumb Code    14  lcd_log.o(i.LCD_LOG_Init)
    LCD_LOG_SetFooter                        0x08001f03   Thumb Code   100  lcd_log.o(i.LCD_LOG_SetFooter)
    LCD_LOG_SetHeader                        0x08001f69   Thumb Code   144  lcd_log.o(i.LCD_LOG_SetHeader)
    LCD_ReadReg                              0x080020e5   Thumb Code    12  stm324xg_eval_lcd.o(i.LCD_ReadReg)
    LCD_SetBackColor                         0x080020f1   Thumb Code    12  stm324xg_eval_lcd.o(i.LCD_SetBackColor)
    LCD_SetCursor                            0x08002101   Thumb Code    24  stm324xg_eval_lcd.o(i.LCD_SetCursor)
    LCD_SetFont                              0x08002119   Thumb Code     6  stm324xg_eval_lcd.o(i.LCD_SetFont)
    LCD_SetTextColor                         0x08002125   Thumb Code    12  stm324xg_eval_lcd.o(i.LCD_SetTextColor)
    LCD_WriteRAM                             0x08002135   Thumb Code     8  stm324xg_eval_lcd.o(i.LCD_WriteRAM)
    LCD_WriteRAM_Prepare                     0x0800213d   Thumb Code    10  stm324xg_eval_lcd.o(i.LCD_WriteRAM_Prepare)
    LCD_WriteReg                             0x08002147   Thumb Code    10  stm324xg_eval_lcd.o(i.LCD_WriteReg)
    MemManage_Handler                        0x08002151   Thumb Code     4  stm32fxxx_it.o(i.MemManage_Handler)
    NMI_Handler                              0x08002155   Thumb Code     2  stm32fxxx_it.o(i.NMI_Handler)
    NVIC_Init                                0x08002159   Thumb Code   106  misc.o(i.NVIC_Init)
    NVIC_PriorityGroupConfig                 0x080021d1   Thumb Code    10  misc.o(i.NVIC_PriorityGroupConfig)
    OTG_FS_IRQHandler                        0x080021e5   Thumb Code    10  stm32fxxx_it.o(i.OTG_FS_IRQHandler)
    OTG_FS_WKUP_IRQHandler                   0x080021f5   Thumb Code    88  stm32fxxx_it.o(i.OTG_FS_WKUP_IRQHandler)
    PendSV_Handler                           0x08002255   Thumb Code     2  stm32fxxx_it.o(i.PendSV_Handler)
    RCC_AHB1PeriphClockCmd                   0x08002259   Thumb Code    26  stm32f4xx_rcc.o(i.RCC_AHB1PeriphClockCmd)
    RCC_AHB2PeriphClockCmd                   0x08002279   Thumb Code    26  stm32f4xx_rcc.o(i.RCC_AHB2PeriphClockCmd)
    RCC_AHB3PeriphClockCmd                   0x08002299   Thumb Code    26  stm32f4xx_rcc.o(i.RCC_AHB3PeriphClockCmd)
    RCC_APB1PeriphClockCmd                   0x080022b9   Thumb Code    26  stm32f4xx_rcc.o(i.RCC_APB1PeriphClockCmd)
    RCC_APB1PeriphResetCmd                   0x080022d9   Thumb Code    26  stm32f4xx_rcc.o(i.RCC_APB1PeriphResetCmd)
    RCC_APB2PeriphClockCmd                   0x080022f9   Thumb Code    26  stm32f4xx_rcc.o(i.RCC_APB2PeriphClockCmd)
    RCC_GetClocksFreq                        0x08002319   Thumb Code   214  stm32f4xx_rcc.o(i.RCC_GetClocksFreq)
    RCC_GetFlagStatus                        0x08002401   Thumb Code    60  stm32f4xx_rcc.o(i.RCC_GetFlagStatus)
    RCC_GetSYSCLKSource                      0x08002441   Thumb Code    10  stm32f4xx_rcc.o(i.RCC_GetSYSCLKSource)
    RCC_HSEConfig                            0x08002451   Thumb Code    12  stm32f4xx_rcc.o(i.RCC_HSEConfig)
    RCC_PLLCmd                               0x08002461   Thumb Code     6  stm32f4xx_rcc.o(i.RCC_PLLCmd)
    RCC_SYSCLKConfig                         0x0800246d   Thumb Code    18  stm32f4xx_rcc.o(i.RCC_SYSCLKConfig)
    STM324xG_LCD_Init                        0x08002485   Thumb Code  1046  stm324xg_eval_lcd.o(i.STM324xG_LCD_Init)
    STM_EVAL_LEDInit                         0x080028a1   Thumb Code    62  stm324xg_eval.o(i.STM_EVAL_LEDInit)
    STM_EVAL_LEDToggle                       0x080028ed   Thumb Code    26  stm324xg_eval.o(i.STM_EVAL_LEDToggle)
    STM_EVAL_PBInit                          0x08002911   Thumb Code   156  stm324xg_eval.o(i.STM_EVAL_PBInit)
    SVC_Handler                              0x080029c9   Thumb Code     2  stm32fxxx_it.o(i.SVC_Handler)
    SYSCFG_EXTILineConfig                    0x080029cd   Thumb Code    60  stm32f4xx_syscfg.o(i.SYSCFG_EXTILineConfig)
    SysTick_Handler                          0x08002af9   Thumb Code    42  stm32fxxx_it.o(i.SysTick_Handler)
    SystemInit                               0x08002b29   Thumb Code    88  system_stm32f4xx.o(i.SystemInit)
    USBD_ClrCfg                              0x08002b91   Thumb Code    22  usbd_core.o(i.USBD_ClrCfg)
    USBD_CtlContinueRx                       0x08002bef   Thumb Code    30  usbd_ioreq.o(i.USBD_CtlContinueRx)
    USBD_CtlContinueSendData                 0x08002c0d   Thumb Code    30  usbd_ioreq.o(i.USBD_CtlContinueSendData)
    USBD_CtlError                            0x08002c2b   Thumb Code    30  usbd_req.o(i.USBD_CtlError)
    USBD_CtlPrepareRx                        0x08002c49   Thumb Code    46  usbd_ioreq.o(i.USBD_CtlPrepareRx)
    USBD_CtlReceiveStatus                    0x08002c77   Thumb Code    36  usbd_ioreq.o(i.USBD_CtlReceiveStatus)
    USBD_CtlSendData                         0x08002c9b   Thumb Code    46  usbd_ioreq.o(i.USBD_CtlSendData)
    USBD_CtlSendStatus                       0x08002cc9   Thumb Code    36  usbd_ioreq.o(i.USBD_CtlSendStatus)
    USBD_DeInit                              0x08002e53   Thumb Code     6  usbd_core.o(i.USBD_DeInit)
    USBD_GetString                           0x08003071   Thumb Code    82  usbd_req.o(i.USBD_GetString)
    USBD_HID_SendReport                      0x08003177   Thumb Code    34  usbd_hid_core.o(i.USBD_HID_SendReport)
    USBD_Init                                0x080032b9   Thumb Code    66  usbd_core.o(i.USBD_Init)
    USBD_OTG_ISR_Handler                     0x0800331f   Thumb Code   256  usb_dcd_int.o(i.USBD_OTG_ISR_Handler)
    USBD_ParseSetupRequest                   0x0800341f   Thumb Code    72  usbd_req.o(i.USBD_ParseSetupRequest)
    USBD_SetCfg                              0x08003543   Thumb Code    30  usbd_core.o(i.USBD_SetCfg)
    USBD_StdDevReq                           0x08003729   Thumb Code   114  usbd_req.o(i.USBD_StdDevReq)
    USBD_StdEPReq                            0x0800379d   Thumb Code   344  usbd_req.o(i.USBD_StdEPReq)
    USBD_StdItfReq                           0x080038f9   Thumb Code    76  usbd_req.o(i.USBD_StdItfReq)
    USBD_USR_ConfigStrDescriptor             0x08003965   Thumb Code    34  usbd_desc.o(i.USBD_USR_ConfigStrDescriptor)
    USBD_USR_DeviceConfigured                0x08003999   Thumb Code    18  usbd_usr.o(i.USBD_USR_DeviceConfigured)
    USBD_USR_DeviceConnected                 0x080039cd   Thumb Code    18  usbd_usr.o(i.USBD_USR_DeviceConnected)
    USBD_USR_DeviceDescriptor                0x08003a01   Thumb Code    10  usbd_desc.o(i.USBD_USR_DeviceDescriptor)
    USBD_USR_DeviceDisconnected              0x08003a11   Thumb Code    18  usbd_usr.o(i.USBD_USR_DeviceDisconnected)
    USBD_USR_DeviceReset                     0x08003a45   Thumb Code    40  usbd_usr.o(i.USBD_USR_DeviceReset)
    USBD_USR_DeviceResumed                   0x08003ad9   Thumb Code    18  usbd_usr.o(i.USBD_USR_DeviceResumed)
    USBD_USR_DeviceSuspended                 0x08003b0d   Thumb Code    18  usbd_usr.o(i.USBD_USR_DeviceSuspended)
    USBD_USR_Init                            0x08003b45   Thumb Code   182  usbd_usr.o(i.USBD_USR_Init)
    USBD_USR_InterfaceStrDescriptor          0x08003c95   Thumb Code    34  usbd_desc.o(i.USBD_USR_InterfaceStrDescriptor)
    USBD_USR_LangIDStrDescriptor             0x08003ccd   Thumb Code    10  usbd_desc.o(i.USBD_USR_LangIDStrDescriptor)
    USBD_USR_ManufacturerStrDescriptor       0x08003cdd   Thumb Code    20  usbd_desc.o(i.USBD_USR_ManufacturerStrDescriptor)
    USBD_USR_ProductStrDescriptor            0x08003d09   Thumb Code    34  usbd_desc.o(i.USBD_USR_ProductStrDescriptor)
    USBD_USR_SerialStrDescriptor             0x08003d55   Thumb Code    34  usbd_desc.o(i.USBD_USR_SerialStrDescriptor)
    USB_OTG_ActiveRemoteWakeup               0x08003d95   Thumb Code   106  usb_core.o(i.USB_OTG_ActiveRemoteWakeup)
    USB_OTG_BSP_EnableInterrupt              0x08003dff   Thumb Code    44  usb_bsp.o(i.USB_OTG_BSP_EnableInterrupt)
    USB_OTG_BSP_Init                         0x08003e2d   Thumb Code   286  usb_bsp.o(i.USB_OTG_BSP_Init)
    USB_OTG_BSP_mDelay                       0x08003f51   Thumb Code    18  usb_bsp.o(i.USB_OTG_BSP_mDelay)
    USB_OTG_BSP_uDelay                       0x08003f63   Thumb Code    30  usb_bsp.o(i.USB_OTG_BSP_uDelay)
    USB_OTG_CoreInit                         0x08003f81   Thumb Code   282  usb_core.o(i.USB_OTG_CoreInit)
    USB_OTG_CoreInitDev                      0x0800409b   Thumb Code   522  usb_core.o(i.USB_OTG_CoreInitDev)
    USB_OTG_DisableGlobalInt                 0x08004315   Thumb Code    34  usb_core.o(i.USB_OTG_DisableGlobalInt)
    USB_OTG_EP0Activate                      0x08004337   Thumb Code   106  usb_core.o(i.USB_OTG_EP0Activate)
    USB_OTG_EP0StartXfer                     0x080043a1   Thumb Code   342  usb_core.o(i.USB_OTG_EP0StartXfer)
    USB_OTG_EP0_OutStart                     0x080044f7   Thumb Code    98  usb_core.o(i.USB_OTG_EP0_OutStart)
    USB_OTG_EPActivate                       0x08004559   Thumb Code   152  usb_core.o(i.USB_OTG_EPActivate)
    USB_OTG_EPClearStall                     0x080045f1   Thumb Code    80  usb_core.o(i.USB_OTG_EPClearStall)
    USB_OTG_EPDeactivate                     0x08004641   Thumb Code    94  usb_core.o(i.USB_OTG_EPDeactivate)
    USB_OTG_EPSetStall                       0x0800469f   Thumb Code   100  usb_core.o(i.USB_OTG_EPSetStall)
    USB_OTG_EPStartXfer                      0x08004703   Thumb Code   502  usb_core.o(i.USB_OTG_EPStartXfer)
    USB_OTG_EnableDevInt                     0x0800492d   Thumb Code   176  usb_core.o(i.USB_OTG_EnableDevInt)
    USB_OTG_EnableGlobalInt                  0x080049dd   Thumb Code    34  usb_core.o(i.USB_OTG_EnableGlobalInt)
    USB_OTG_FlushRxFifo                      0x08004a01   Thumb Code    70  usb_core.o(i.USB_OTG_FlushRxFifo)
    USB_OTG_FlushTxFifo                      0x08004a4d   Thumb Code    80  usb_core.o(i.USB_OTG_FlushTxFifo)
    USB_OTG_GetDeviceSpeed                   0x08004aa1   Thumb Code    52  usb_core.o(i.USB_OTG_GetDeviceSpeed)
    USB_OTG_GetMode                          0x08004ad5   Thumb Code    12  usb_core.o(i.USB_OTG_GetMode)
    USB_OTG_InitDevSpeed                     0x08004ae1   Thumb Code    24  usb_core.o(i.USB_OTG_InitDevSpeed)
    USB_OTG_IsDeviceMode                     0x08004af9   Thumb Code    22  usb_core.o(i.USB_OTG_IsDeviceMode)
    USB_OTG_ReadCoreItr                      0x08004b0f   Thumb Code    16  usb_core.o(i.USB_OTG_ReadCoreItr)
    USB_OTG_ReadDevAllInEPItr                0x08004b1f   Thumb Code    16  usb_core.o(i.USB_OTG_ReadDevAllInEPItr)
    USB_OTG_ReadDevAllOutEp_itr              0x08004b2f   Thumb Code    16  usb_core.o(i.USB_OTG_ReadDevAllOutEp_itr)
    USB_OTG_ReadDevOutEP_itr                 0x08004b3f   Thumb Code    20  usb_core.o(i.USB_OTG_ReadDevOutEP_itr)
    USB_OTG_ReadPacket                       0x08004b53   Thumb Code    40  usb_core.o(i.USB_OTG_ReadPacket)
    USB_OTG_SelectCore                       0x08004b7d   Thumb Code   208  usb_core.o(i.USB_OTG_SelectCore)
    USB_OTG_SetCurrentMode                   0x08004c51   Thumb Code    78  usb_core.o(i.USB_OTG_SetCurrentMode)
    USB_OTG_UngateClock                      0x08004c9f   Thumb Code    54  usb_core.o(i.USB_OTG_UngateClock)
    USB_OTG_WritePacket                      0x08004cd5   Thumb Code    64  usb_core.o(i.USB_OTG_WritePacket)
    UsageFault_Handler                       0x08004d15   Thumb Code     4  stm32fxxx_it.o(i.UsageFault_Handler)
    __0printf$bare                           0x08004d19   Thumb Code     8  printfb.o(i.__0printf$bare)
    __1printf$bare                           0x08004d19   Thumb Code     0  printfb.o(i.__0printf$bare)
    __2printf                                0x08004d19   Thumb Code     0  printfb.o(i.__0printf$bare)
    __scatterload_copy                       0x08004d29   Thumb Code    14  handlers.o(i.__scatterload_copy)
    __scatterload_null                       0x08004d37   Thumb Code     2  handlers.o(i.__scatterload_null)
    __scatterload_zeroinit                   0x08004d39   Thumb Code    14  handlers.o(i.__scatterload_zeroinit)
    fputc                                    0x08004db1   Thumb Code   348  lcd_log.o(i.fputc)
    main                                     0x08004f3d   Thumb Code    54  app.o(i.main)
    ASCII16x24_Table                         0x08004f8a   Data        4560  stm324xg_eval_lcd.o(.constdata)
    ASCII12x12_Table                         0x0800615a   Data        2304  stm324xg_eval_lcd.o(.constdata)
    ASCII8x12_Table                          0x08006a5a   Data        2304  stm324xg_eval_lcd.o(.constdata)
    ASCII8x8_Table                           0x0800735a   Data        1536  stm324xg_eval_lcd.o(.constdata)
    GPIO_PIN                                 0x0800795c   Data           8  stm324xg_eval.o(.constdata)
    GPIO_CLK                                 0x08007964   Data          16  stm324xg_eval.o(.constdata)
    BUTTON_PIN                               0x08007974   Data           6  stm324xg_eval.o(.constdata)
    BUTTON_CLK                               0x0800797c   Data          12  stm324xg_eval.o(.constdata)
    BUTTON_EXTI_LINE                         0x08007988   Data           6  stm324xg_eval.o(.constdata)
    BUTTON_PORT_SOURCE                       0x0800798e   Data           6  stm324xg_eval.o(.constdata)
    BUTTON_PIN_SOURCE                        0x08007994   Data           6  stm324xg_eval.o(.constdata)
    BUTTON_IRQn                              0x0800799a   Data           6  stm324xg_eval.o(.constdata)
    COM_USART_CLK                            0x080079a0   Data           4  stm324xg_eval.o(.constdata)
    COM_TX_PORT_CLK                          0x080079a4   Data           4  stm324xg_eval.o(.constdata)
    COM_RX_PORT_CLK                          0x080079a8   Data           4  stm324xg_eval.o(.constdata)
    COM_TX_PIN                               0x080079ac   Data           2  stm324xg_eval.o(.constdata)
    COM_RX_PIN                               0x080079ae   Data           2  stm324xg_eval.o(.constdata)
    COM_TX_PIN_SOURCE                        0x080079b0   Data           2  stm324xg_eval.o(.constdata)
    COM_RX_PIN_SOURCE                        0x080079b2   Data           2  stm324xg_eval.o(.constdata)
    COM_TX_AF                                0x080079b4   Data           2  stm324xg_eval.o(.constdata)
    COM_RX_AF                                0x080079b6   Data           2  stm324xg_eval.o(.constdata)
    Region$$Table$$Base                      0x080079b8   Number         0  anon$$obj.o(Region$$Table)
    Region$$Table$$Limit                     0x080079d8   Number         0  anon$$obj.o(Region$$Table)
    remote_wakeup                            0x20000000   Data           4  stm32fxxx_it.o(.data)
    x                                        0x20000004   Data           1  stm32fxxx_it.o(.data)
    y                                        0x20000005   Data           1  stm32fxxx_it.o(.data)
    USR_cb                                   0x2000000c   Data          28  usbd_usr.o(.data)
    USR_desc                                 0x20000028   Data          28  usbd_desc.o(.data)
    USBD_DeviceDesc                          0x20000044   Data          18  usbd_desc.o(.data)
    USBD_DeviceQualifierDesc                 0x20000056   Data          10  usbd_desc.o(.data)
    USBD_LangIDDesc                          0x20000060   Data           4  usbd_desc.o(.data)
    USBD_ep_status                           0x20000064   Data           4  usbd_req.o(.data)
    USBD_default_cfg                         0x20000068   Data           4  usbd_req.o(.data)
    USBD_cfg_status                          0x2000006c   Data           4  usbd_req.o(.data)
    SET_TEST_MODE                            0x20000074   Data           4  usbd_core.o(.data)
    USBD_DCD_INT_cb                          0x20000078   Data          44  usbd_core.o(.data)
    USBD_DCD_INT_fops                        0x200000a4   Data           4  usbd_core.o(.data)
    hid_large_buf                            0x200000a8   Data           8  usbd_hid_core.o(.data)
    USBD_HID_cb                              0x200000b0   Data          44  usbd_hid_core.o(.data)
    LCD_LineColor                            0x2000012c   Data           2  lcd_log.o(.data)
    LCD_CacheBuffer_xptr                     0x2000012e   Data           2  lcd_log.o(.data)
    LCD_CacheBuffer_yptr_top                 0x20000130   Data           2  lcd_log.o(.data)
    LCD_CacheBuffer_yptr_bottom              0x20000132   Data           2  lcd_log.o(.data)
    LCD_CacheBuffer_yptr_top_bak             0x20000134   Data           2  lcd_log.o(.data)
    LCD_CacheBuffer_yptr_bottom_bak          0x20000136   Data           2  lcd_log.o(.data)
    LCD_CacheBuffer_yptr_invert              0x20000138   Data           1  lcd_log.o(.data)
    LCD_ScrollActive                         0x20000139   Data           1  lcd_log.o(.data)
    LCD_Lock                                 0x2000013a   Data           1  lcd_log.o(.data)
    LCD_Scrolled                             0x2000013b   Data           1  lcd_log.o(.data)
    LCD_ScrollBackStep                       0x2000013c   Data           2  lcd_log.o(.data)
    SystemCoreClock                          0x20000140   Data           4  system_stm32f4xx.o(.data)
    AHBPrescTable                            0x20000144   Data          16  system_stm32f4xx.o(.data)
    Font16x24                                0x20000154   Data           8  stm324xg_eval_lcd.o(.data)
    Font12x12                                0x2000015c   Data           8  stm324xg_eval_lcd.o(.data)
    Font8x12                                 0x20000164   Data           8  stm324xg_eval_lcd.o(.data)
    Font8x8                                  0x2000016c   Data           8  stm324xg_eval_lcd.o(.data)
    TextColor                                0x20000178   Data           2  stm324xg_eval_lcd.o(.data)
    BackColor                                0x2000017a   Data           2  stm324xg_eval_lcd.o(.data)
    GPIO_PORT                                0x2000017c   Data          16  stm324xg_eval.o(.data)
    BUTTON_PORT                              0x2000018c   Data          12  stm324xg_eval.o(.data)
    COM_USART                                0x20000198   Data           4  stm324xg_eval.o(.data)
    COM_TX_PORT                              0x2000019c   Data           4  stm324xg_eval.o(.data)
    COM_RX_PORT                              0x200001a0   Data           4  stm324xg_eval.o(.data)
    NVIC_InitStructure                       0x200001a4   Data           4  stm324xg_eval.o(.data)
    TS_State                                 0x200001a8   Data           8  stm324xg_eval_ioe.o(.data)
    IOE_TimeOut                              0x200001b0   Data           4  stm324xg_eval_ioe.o(.data)
    __stdout                                 0x200001d0   Data           4  stdout.o(.data)
    USB_OTG_dev                              0x200001d4   Data        1524  app.o(.bss)
    USBD_StrDesc                             0x200007c8   Data          64  usbd_req.o(.bss)
    LCD_CacheBuffer                          0x20000808   Data         468  lcd_log.o(.bss)
    __initial_sp                             0x20000de0   Data           0  startup_stm32f4xx.o(STACK)



==============================================================================

Memory Map of the image

  Image Entry point : 0x08000189

  Load Region LR_IROM1 (Base: 0x08000000, Size: 0x00007bac, Max: 0x00200000, ABSOLUTE, COMPRESSED[0x00007aec])

    Execution Region ER_IROM1 (Base: 0x08000000, Size: 0x000079d8, Max: 0x00200000, ABSOLUTE)

    Base Addr    Size         Type   Attr      Idx    E Section Name        Object

    0x08000000   0x00000188   Data   RO         1309    RESET               startup_stm32f4xx.o
    0x08000188   0x00000000   Code   RO         3730  * .ARM.Collect$$$$00000000  mc_w.l(entry.o)
    0x08000188   0x00000004   Code   RO         4001    .ARM.Collect$$$$00000001  mc_w.l(entry2.o)
    0x0800018c   0x00000004   Code   RO         4004    .ARM.Collect$$$$00000004  mc_w.l(entry5.o)
    0x08000190   0x00000000   Code   RO         4006    .ARM.Collect$$$$00000008  mc_w.l(entry7b.o)
    0x08000190   0x00000000   Code   RO         4008    .ARM.Collect$$$$0000000A  mc_w.l(entry8b.o)
    0x08000190   0x00000008   Code   RO         4009    .ARM.Collect$$$$0000000B  mc_w.l(entry9a.o)
    0x08000198   0x00000000   Code   RO         4011    .ARM.Collect$$$$0000000D  mc_w.l(entry10a.o)
    0x08000198   0x00000000   Code   RO         4013    .ARM.Collect$$$$0000000F  mc_w.l(entry11a.o)
    0x08000198   0x00000004   Code   RO         4002    .ARM.Collect$$$$00002712  mc_w.l(entry2.o)
    0x0800019c   0x00000024   Code   RO         1310    .text               startup_stm32f4xx.o
    0x080001c0   0x00000024   Code   RO         4031    .text               mc_w.l(init.o)
    0x080001e4   0x00000056   Code   RO         4047    .text               mc_w.l(__dczerorl2.o)
    0x0800023a   0x00000004   Code   RO          191    i.BusFault_Handler  stm32fxxx_it.o
    0x0800023e   0x0000004a   Code   RO          842    i.DCD_EP_Close      usb_dcd.o
    0x08000288   0x00000048   Code   RO          843    i.DCD_EP_ClrStall   usb_dcd.o
    0x080002d0   0x00000024   Code   RO          844    i.DCD_EP_Flush      usb_dcd.o
    0x080002f4   0x00000068   Code   RO          845    i.DCD_EP_Open       usb_dcd.o
    0x0800035c   0x00000052   Code   RO          846    i.DCD_EP_PrepareRx  usb_dcd.o
    0x080003ae   0x0000001c   Code   RO          847    i.DCD_EP_SetAddress  usb_dcd.o
    0x080003ca   0x00000048   Code   RO          848    i.DCD_EP_Stall      usb_dcd.o
    0x08000412   0x0000004e   Code   RO          849    i.DCD_EP_Tx         usb_dcd.o
    0x08000460   0x00000066   Code   RO          518    i.DCD_HandleEnumDone_ISR  usb_dcd_int.o
    0x080004c6   0x00000002   PAD
    0x080004c8   0x00000144   Code   RO          519    i.DCD_HandleInEP_ISR  usb_dcd_int.o
    0x0800060c   0x00000100   Code   RO          520    i.DCD_HandleOutEP_ISR  usb_dcd_int.o
    0x0800070c   0x00000068   Code   RO          521    i.DCD_HandleResume_ISR  usb_dcd_int.o
    0x08000774   0x000000b0   Code   RO          522    i.DCD_HandleRxStatusQueueLevel_ISR  usb_dcd_int.o
    0x08000824   0x0000002c   Code   RO          523    i.DCD_HandleSof_ISR  usb_dcd_int.o
    0x08000850   0x000000a8   Code   RO          524    i.DCD_HandleUSBSuspend_ISR  usb_dcd_int.o
    0x080008f8   0x00000104   Code   RO          525    i.DCD_HandleUsbReset_ISR  usb_dcd_int.o
    0x080009fc   0x0000009c   Code   RO          851    i.DCD_Init          usb_dcd.o
    0x08000a98   0x0000002c   Code   RO          526    i.DCD_IsoINIncomplete_ISR  usb_dcd_int.o
    0x08000ac4   0x0000002c   Code   RO          527    i.DCD_IsoOUTIncomplete_ISR  usb_dcd_int.o
    0x08000af0   0x0000002c   Code   RO          528    i.DCD_OTG_ISR       usb_dcd_int.o
    0x08000b1c   0x00000028   Code   RO          529    i.DCD_ReadDevInEP   usb_dcd_int.o
    0x08000b44   0x0000002c   Code   RO          530    i.DCD_SessionRequest_ISR  usb_dcd_int.o
    0x08000b70   0x00000090   Code   RO          531    i.DCD_WriteEmptyTxFifo  usb_dcd_int.o
    0x08000c00   0x00000034   Code   RO         2350    i.DMA_ClearFlag     stm32f4xx_dma.o
    0x08000c34   0x00000016   Code   RO         2352    i.DMA_Cmd           stm32f4xx_dma.o
    0x08000c4a   0x00000002   PAD
    0x08000c4c   0x00000158   Code   RO         2353    i.DMA_DeInit        stm32f4xx_dma.o
    0x08000da4   0x00000044   Code   RO         2361    i.DMA_GetFlagStatus  stm32f4xx_dma.o
    0x08000de8   0x00000058   Code   RO         2364    i.DMA_Init          stm32f4xx_dma.o
    0x08000e40   0x00000002   Code   RO          192    i.DebugMon_Handler  stm32fxxx_it.o
    0x08000e42   0x00000002   PAD
    0x08000e44   0x000000c4   Code   RO          193    i.EXTI15_10_IRQHandler  stm32fxxx_it.o
    0x08000f08   0x0000000c   Code   RO         2479    i.EXTI_ClearITPendingBit  stm32f4xx_exti.o
    0x08000f14   0x00000028   Code   RO         2483    i.EXTI_GetITStatus  stm32f4xx_exti.o
    0x08000f3c   0x00000094   Code   RO         2484    i.EXTI_Init         stm32f4xx_exti.o
    0x08000fd0   0x00000034   Code   RO         2745    i.FSMC_NORSRAMCmd   stm32f4xx_fsmc.o
    0x08001004   0x000000e6   Code   RO         2747    i.FSMC_NORSRAMInit  stm32f4xx_fsmc.o
    0x080010ea   0x00000090   Code   RO         2863    i.GPIO_Init         stm32f4xx_gpio.o
    0x0800117a   0x00000046   Code   RO         2864    i.GPIO_PinAFConfig  stm32f4xx_gpio.o
    0x080011c0   0x00000004   Code   RO          194    i.HardFault_Handler  stm32fxxx_it.o
    0x080011c4   0x0000002a   Code   RO         2963    i.I2C_CheckEvent    stm32f4xx_i2c.o
    0x080011ee   0x00000018   Code   RO         2967    i.I2C_DMACmd        stm32f4xx_i2c.o
    0x08001206   0x00000018   Code   RO         2968    i.I2C_DMALastTransferCmd  stm32f4xx_i2c.o
    0x0800121e   0x00000018   Code   RO         2973    i.I2C_GenerateSTART  stm32f4xx_i2c.o
    0x08001236   0x00000018   Code   RO         2974    i.I2C_GenerateSTOP  stm32f4xx_i2c.o
    0x0800124e   0x0000003a   Code   RO         2975    i.I2C_GetFlagStatus  stm32f4xx_i2c.o
    0x08001288   0x000000e8   Code   RO         2980    i.I2C_Init          stm32f4xx_i2c.o
    0x08001370   0x00000198   Code   RO         1730    i.I2C_ReadDeviceRegister  stm324xg_eval_ioe.o
    0x08001508   0x00000010   Code   RO         2987    i.I2C_Send7bitAddress  stm32f4xx_i2c.o
    0x08001518   0x00000004   Code   RO         2988    i.I2C_SendData      stm32f4xx_i2c.o
    0x0800151c   0x00000144   Code   RO         1731    i.I2C_WriteDeviceRegister  stm324xg_eval_ioe.o
    0x08001660   0x000000d4   Code   RO         1734    i.IOE_Config        stm324xg_eval_ioe.o
    0x08001734   0x00000080   Code   RO         1735    i.IOE_DMA_Config    stm324xg_eval_ioe.o
    0x080017b4   0x0000002e   Code   RO         1737    i.IOE_FnctCmd       stm324xg_eval_ioe.o
    0x080017e2   0x00000002   PAD
    0x080017e4   0x0000009c   Code   RO         1740    i.IOE_GPIO_Config   stm324xg_eval_ioe.o
    0x08001880   0x0000003c   Code   RO         1743    i.IOE_I2C_Config    stm324xg_eval_ioe.o
    0x080018bc   0x0000002e   Code   RO         1744    i.IOE_IOAFConfig    stm324xg_eval_ioe.o
    0x080018ea   0x00000050   Code   RO         1745    i.IOE_IOEdgeConfig  stm324xg_eval_ioe.o
    0x0800193a   0x0000002e   Code   RO         1747    i.IOE_IOPinConfig   stm324xg_eval_ioe.o
    0x08001968   0x00000028   Code   RO         1750    i.IOE_IsOperational  stm324xg_eval_ioe.o
    0x08001990   0x00000050   Code   RO         1751    i.IOE_JoyStickGetState  stm324xg_eval_ioe.o
    0x080019e0   0x00000026   Code   RO         1752    i.IOE_ReadID        stm324xg_eval_ioe.o
    0x08001a06   0x00000022   Code   RO         1754    i.IOE_Reset         stm324xg_eval_ioe.o
    0x08001a28   0x000000c8   Code   RO         1755    i.IOE_TS_Config     stm324xg_eval_ioe.o
    0x08001af0   0x0000003e   Code   RO         1760    i.IOE_TempSens_Config  stm324xg_eval_ioe.o
    0x08001b2e   0x0000003c   Code   RO         1762    i.IOE_WriteIOPin    stm324xg_eval_ioe.o
    0x08001b6a   0x00000028   Code   RO         1353    i.LCD_Clear         stm324xg_eval_lcd.o
    0x08001b92   0x00000002   PAD
    0x08001b94   0x00000034   Code   RO         1354    i.LCD_ClearLine     stm324xg_eval_lcd.o
    0x08001bc8   0x00000130   Code   RO         1357    i.LCD_CtrlLinesConfig  stm324xg_eval_lcd.o
    0x08001cf8   0x00000030   Code   RO         1359    i.LCD_DisplayChar   stm324xg_eval_lcd.o
    0x08001d28   0x0000004c   Code   RO         1362    i.LCD_DisplayStringLine  stm324xg_eval_lcd.o
    0x08001d74   0x000000ac   Code   RO         1363    i.LCD_DrawChar      stm324xg_eval_lcd.o
    0x08001e20   0x00000062   Code   RO         1371    i.LCD_FSMCConfig    stm324xg_eval_lcd.o
    0x08001e82   0x00000002   PAD
    0x08001e84   0x0000000c   Code   RO         1374    i.LCD_GetFont       stm324xg_eval_lcd.o
    0x08001e90   0x00000064   Code   RO         1248    i.LCD_LOG_DeInit    lcd_log.o
    0x08001ef4   0x0000000e   Code   RO         1249    i.LCD_LOG_Init      lcd_log.o
    0x08001f02   0x00000064   Code   RO         1250    i.LCD_LOG_SetFooter  lcd_log.o
    0x08001f66   0x00000002   PAD
    0x08001f68   0x00000098   Code   RO         1251    i.LCD_LOG_SetHeader  lcd_log.o
    0x08002000   0x000000e4   Code   RO         1252    i.LCD_LOG_UpdateDisplay  lcd_log.o
    0x080020e4   0x0000000c   Code   RO         1380    i.LCD_ReadReg       stm324xg_eval_lcd.o
    0x080020f0   0x00000010   Code   RO         1381    i.LCD_SetBackColor  stm324xg_eval_lcd.o
    0x08002100   0x00000018   Code   RO         1383    i.LCD_SetCursor     stm324xg_eval_lcd.o
    0x08002118   0x0000000c   Code   RO         1385    i.LCD_SetFont       stm324xg_eval_lcd.o
    0x08002124   0x00000010   Code   RO         1386    i.LCD_SetTextColor  stm324xg_eval_lcd.o
    0x08002134   0x00000008   Code   RO         1389    i.LCD_WriteRAM      stm324xg_eval_lcd.o
    0x0800213c   0x0000000a   Code   RO         1390    i.LCD_WriteRAM_Prepare  stm324xg_eval_lcd.o
    0x08002146   0x0000000a   Code   RO         1391    i.LCD_WriteReg      stm324xg_eval_lcd.o
    0x08002150   0x00000004   Code   RO          195    i.MemManage_Handler  stm32fxxx_it.o
    0x08002154   0x00000002   Code   RO          196    i.NMI_Handler       stm32fxxx_it.o
    0x08002156   0x00000002   PAD
    0x08002158   0x00000078   Code   RO          408    i.NVIC_Init         misc.o
    0x080021d0   0x00000014   Code   RO          409    i.NVIC_PriorityGroupConfig  misc.o
    0x080021e4   0x00000010   Code   RO          197    i.OTG_FS_IRQHandler  stm32fxxx_it.o
    0x080021f4   0x00000060   Code   RO          198    i.OTG_FS_WKUP_IRQHandler  stm32fxxx_it.o
    0x08002254   0x00000002   Code   RO          199    i.PendSV_Handler    stm32fxxx_it.o
    0x08002256   0x00000002   PAD
    0x08002258   0x00000020   Code   RO         3258    i.RCC_AHB1PeriphClockCmd  stm32f4xx_rcc.o
    0x08002278   0x00000020   Code   RO         3261    i.RCC_AHB2PeriphClockCmd  stm32f4xx_rcc.o
    0x08002298   0x00000020   Code   RO         3264    i.RCC_AHB3PeriphClockCmd  stm32f4xx_rcc.o
    0x080022b8   0x00000020   Code   RO         3267    i.RCC_APB1PeriphClockCmd  stm32f4xx_rcc.o
    0x080022d8   0x00000020   Code   RO         3269    i.RCC_APB1PeriphResetCmd  stm32f4xx_rcc.o
    0x080022f8   0x00000020   Code   RO         3270    i.RCC_APB2PeriphClockCmd  stm32f4xx_rcc.o
    0x08002318   0x000000e8   Code   RO         3279    i.RCC_GetClocksFreq  stm32f4xx_rcc.o
    0x08002400   0x00000040   Code   RO         3280    i.RCC_GetFlagStatus  stm32f4xx_rcc.o
    0x08002440   0x00000010   Code   RO         3282    i.RCC_GetSYSCLKSource  stm32f4xx_rcc.o
    0x08002450   0x00000010   Code   RO         3284    i.RCC_HSEConfig     stm32f4xx_rcc.o
    0x08002460   0x0000000c   Code   RO         3294    i.RCC_PLLCmd        stm32f4xx_rcc.o
    0x0800246c   0x00000018   Code   RO         3300    i.RCC_SYSCLKConfig  stm32f4xx_rcc.o
    0x08002484   0x0000041c   Code   RO         1393    i.STM324xG_LCD_Init  stm324xg_eval_lcd.o
    0x080028a0   0x0000004c   Code   RO         1631    i.STM_EVAL_LEDInit  stm324xg_eval.o
    0x080028ec   0x00000024   Code   RO         1634    i.STM_EVAL_LEDToggle  stm324xg_eval.o
    0x08002910   0x000000b8   Code   RO         1636    i.STM_EVAL_PBInit   stm324xg_eval.o
    0x080029c8   0x00000002   Code   RO          200    i.SVC_Handler       stm32fxxx_it.o
    0x080029ca   0x00000002   PAD
    0x080029cc   0x00000040   Code   RO         2115    i.SYSCFG_EXTILineConfig  stm32f4xx_syscfg.o
    0x08002a0c   0x000000ec   Code   RO         1316    i.SetSysClock       system_stm32f4xx.o
    0x08002af8   0x00000030   Code   RO          201    i.SysTick_Handler   stm32fxxx_it.o
    0x08002b28   0x00000068   Code   RO         1318    i.SystemInit        system_stm32f4xx.o
    0x08002b90   0x00000016   Code   RO         1031    i.USBD_ClrCfg       usbd_core.o
    0x08002ba6   0x00000048   Code   RO          932    i.USBD_ClrFeature   usbd_req.o
    0x08002bee   0x0000001e   Code   RO         1135    i.USBD_CtlContinueRx  usbd_ioreq.o
    0x08002c0c   0x0000001e   Code   RO         1136    i.USBD_CtlContinueSendData  usbd_ioreq.o
    0x08002c2a   0x0000001e   Code   RO          933    i.USBD_CtlError     usbd_req.o
    0x08002c48   0x0000002e   Code   RO         1137    i.USBD_CtlPrepareRx  usbd_ioreq.o
    0x08002c76   0x00000024   Code   RO         1138    i.USBD_CtlReceiveStatus  usbd_ioreq.o
    0x08002c9a   0x0000002e   Code   RO         1139    i.USBD_CtlSendData  usbd_ioreq.o
    0x08002cc8   0x00000024   Code   RO         1140    i.USBD_CtlSendStatus  usbd_ioreq.o
    0x08002cec   0x000000d0   Code   RO         1032    i.USBD_DataInStage  usbd_core.o
    0x08002dbc   0x00000096   Code   RO         1033    i.USBD_DataOutStage  usbd_core.o
    0x08002e52   0x00000006   Code   RO         1034    i.USBD_DeInit       usbd_core.o
    0x08002e58   0x00000018   Code   RO         1035    i.USBD_DevConnected  usbd_core.o
    0x08002e70   0x00000024   Code   RO         1036    i.USBD_DevDisconnected  usbd_core.o
    0x08002e94   0x00000054   Code   RO          934    i.USBD_GetConfig    usbd_req.o
    0x08002ee8   0x00000122   Code   RO          935    i.USBD_GetDescriptor  usbd_req.o
    0x0800300a   0x00000014   Code   RO          936    i.USBD_GetLen       usbd_req.o
    0x0800301e   0x00000002   PAD
    0x08003020   0x00000050   Code   RO          937    i.USBD_GetStatus    usbd_req.o
    0x08003070   0x00000052   Code   RO          938    i.USBD_GetString    usbd_req.o
    0x080030c2   0x00000012   Code   RO         1191    i.USBD_HID_DataIn   usbd_hid_core.o
    0x080030d4   0x0000001a   Code   RO         1192    i.USBD_HID_DeInit   usbd_hid_core.o
    0x080030ee   0x00000002   PAD
    0x080030f0   0x00000010   Code   RO         1193    i.USBD_HID_GetCfgDesc  usbd_hid_core.o
    0x08003100   0x00000054   Code   RO          202    i.USBD_HID_GetPos   stm32fxxx_it.o
    0x08003154   0x00000022   Code   RO         1194    i.USBD_HID_Init     usbd_hid_core.o
    0x08003176   0x00000022   Code   RO         1195    i.USBD_HID_SendReport  usbd_hid_core.o
    0x08003198   0x00000120   Code   RO         1196    i.USBD_HID_Setup    usbd_hid_core.o
    0x080032b8   0x00000042   Code   RO         1037    i.USBD_Init         usbd_core.o
    0x080032fa   0x00000012   Code   RO         1038    i.USBD_IsoINIncomplete  usbd_core.o
    0x0800330c   0x00000012   Code   RO         1039    i.USBD_IsoOUTIncomplete  usbd_core.o
    0x0800331e   0x00000100   Code   RO          532    i.USBD_OTG_ISR_Handler  usb_dcd_int.o
    0x0800341e   0x00000048   Code   RO          939    i.USBD_ParseSetupRequest  usbd_req.o
    0x08003466   0x00000032   Code   RO         1040    i.USBD_Reset        usbd_core.o
    0x08003498   0x0000001e   Code   RO         1041    i.USBD_Resume       usbd_core.o
    0x080034b6   0x00000002   PAD
    0x080034b8   0x00000014   Code   RO         1042    i.USBD_RunTestMode  usbd_core.o
    0x080034cc   0x0000001a   Code   RO         1043    i.USBD_SOF          usbd_core.o
    0x080034e6   0x0000005c   Code   RO          940    i.USBD_SetAddress   usbd_req.o
    0x08003542   0x0000001e   Code   RO         1044    i.USBD_SetCfg       usbd_core.o
    0x08003560   0x000000d0   Code   RO          941    i.USBD_SetConfig    usbd_req.o
    0x08003630   0x000000a4   Code   RO          942    i.USBD_SetFeature   usbd_req.o
    0x080036d4   0x00000054   Code   RO         1045    i.USBD_SetupStage   usbd_core.o
    0x08003728   0x00000072   Code   RO          943    i.USBD_StdDevReq    usbd_req.o
    0x0800379a   0x00000002   PAD
    0x0800379c   0x0000015c   Code   RO          944    i.USBD_StdEPReq     usbd_req.o
    0x080038f8   0x0000004c   Code   RO          945    i.USBD_StdItfReq    usbd_req.o
    0x08003944   0x00000020   Code   RO         1046    i.USBD_Suspend      usbd_core.o
    0x08003964   0x00000034   Code   RO          452    i.USBD_USR_ConfigStrDescriptor  usbd_desc.o
    0x08003998   0x00000034   Code   RO          341    i.USBD_USR_DeviceConfigured  usbd_usr.o
    0x080039cc   0x00000034   Code   RO          342    i.USBD_USR_DeviceConnected  usbd_usr.o
    0x08003a00   0x00000010   Code   RO          453    i.USBD_USR_DeviceDescriptor  usbd_desc.o
    0x08003a10   0x00000034   Code   RO          343    i.USBD_USR_DeviceDisconnected  usbd_usr.o
    0x08003a44   0x00000094   Code   RO          344    i.USBD_USR_DeviceReset  usbd_usr.o
    0x08003ad8   0x00000034   Code   RO          345    i.USBD_USR_DeviceResumed  usbd_usr.o
    0x08003b0c   0x00000038   Code   RO          346    i.USBD_USR_DeviceSuspended  usbd_usr.o
    0x08003b44   0x00000150   Code   RO          347    i.USBD_USR_Init     usbd_usr.o
    0x08003c94   0x00000038   Code   RO          454    i.USBD_USR_InterfaceStrDescriptor  usbd_desc.o
    0x08003ccc   0x00000010   Code   RO          455    i.USBD_USR_LangIDStrDescriptor  usbd_desc.o
    0x08003cdc   0x0000002c   Code   RO          456    i.USBD_USR_ManufacturerStrDescriptor  usbd_desc.o
    0x08003d08   0x0000004c   Code   RO          457    i.USBD_USR_ProductStrDescriptor  usbd_desc.o
    0x08003d54   0x00000040   Code   RO          458    i.USBD_USR_SerialStrDescriptor  usbd_desc.o
    0x08003d94   0x0000006a   Code   RO          612    i.USB_OTG_ActiveRemoteWakeup  usb_core.o
    0x08003dfe   0x0000002c   Code   RO          300    i.USB_OTG_BSP_EnableInterrupt  usb_bsp.o
    0x08003e2a   0x00000002   PAD
    0x08003e2c   0x00000124   Code   RO          301    i.USB_OTG_BSP_Init  usb_bsp.o
    0x08003f50   0x00000012   Code   RO          302    i.USB_OTG_BSP_mDelay  usb_bsp.o
    0x08003f62   0x0000001e   Code   RO          303    i.USB_OTG_BSP_uDelay  usb_bsp.o
    0x08003f80   0x0000011a   Code   RO          613    i.USB_OTG_CoreInit  usb_core.o
    0x0800409a   0x0000020a   Code   RO          614    i.USB_OTG_CoreInitDev  usb_core.o
    0x080042a4   0x00000070   Code   RO          615    i.USB_OTG_CoreReset  usb_core.o
    0x08004314   0x00000022   Code   RO          616    i.USB_OTG_DisableGlobalInt  usb_core.o
    0x08004336   0x0000006a   Code   RO          617    i.USB_OTG_EP0Activate  usb_core.o
    0x080043a0   0x00000156   Code   RO          618    i.USB_OTG_EP0StartXfer  usb_core.o
    0x080044f6   0x00000062   Code   RO          619    i.USB_OTG_EP0_OutStart  usb_core.o
    0x08004558   0x00000098   Code   RO          620    i.USB_OTG_EPActivate  usb_core.o
    0x080045f0   0x00000050   Code   RO          621    i.USB_OTG_EPClearStall  usb_core.o
    0x08004640   0x0000005e   Code   RO          622    i.USB_OTG_EPDeactivate  usb_core.o
    0x0800469e   0x00000064   Code   RO          623    i.USB_OTG_EPSetStall  usb_core.o
    0x08004702   0x000001f6   Code   RO          624    i.USB_OTG_EPStartXfer  usb_core.o
    0x080048f8   0x00000034   Code   RO          625    i.USB_OTG_EnableCommonInt  usb_core.o
    0x0800492c   0x000000b0   Code   RO          626    i.USB_OTG_EnableDevInt  usb_core.o
    0x080049dc   0x00000022   Code   RO          627    i.USB_OTG_EnableGlobalInt  usb_core.o
    0x080049fe   0x00000002   PAD
    0x08004a00   0x0000004c   Code   RO          628    i.USB_OTG_FlushRxFifo  usb_core.o
    0x08004a4c   0x00000054   Code   RO          629    i.USB_OTG_FlushTxFifo  usb_core.o
    0x08004aa0   0x00000034   Code   RO          630    i.USB_OTG_GetDeviceSpeed  usb_core.o
    0x08004ad4   0x0000000c   Code   RO          632    i.USB_OTG_GetMode   usb_core.o
    0x08004ae0   0x00000018   Code   RO          633    i.USB_OTG_InitDevSpeed  usb_core.o
    0x08004af8   0x00000016   Code   RO          634    i.USB_OTG_IsDeviceMode  usb_core.o
    0x08004b0e   0x00000010   Code   RO          636    i.USB_OTG_ReadCoreItr  usb_core.o
    0x08004b1e   0x00000010   Code   RO          637    i.USB_OTG_ReadDevAllInEPItr  usb_core.o
    0x08004b2e   0x00000010   Code   RO          638    i.USB_OTG_ReadDevAllOutEp_itr  usb_core.o
    0x08004b3e   0x00000014   Code   RO          639    i.USB_OTG_ReadDevOutEP_itr  usb_core.o
    0x08004b52   0x00000028   Code   RO          641    i.USB_OTG_ReadPacket  usb_core.o
    0x08004b7a   0x00000002   PAD
    0x08004b7c   0x000000d4   Code   RO          642    i.USB_OTG_SelectCore  usb_core.o
    0x08004c50   0x0000004e   Code   RO          643    i.USB_OTG_SetCurrentMode  usb_core.o
    0x08004c9e   0x00000036   Code   RO          646    i.USB_OTG_UngateClock  usb_core.o
    0x08004cd4   0x00000040   Code   RO          647    i.USB_OTG_WritePacket  usb_core.o
    0x08004d14   0x00000004   Code   RO          203    i.UsageFault_Handler  stm32fxxx_it.o
    0x08004d18   0x00000010   Code   RO         3734    i.__0printf$bare    mc_w.l(printfb.o)
    0x08004d28   0x0000000e   Code   RO         4041    i.__scatterload_copy  mc_w.l(handlers.o)
    0x08004d36   0x00000002   Code   RO         4042    i.__scatterload_null  mc_w.l(handlers.o)
    0x08004d38   0x0000000e   Code   RO         4043    i.__scatterload_zeroinit  mc_w.l(handlers.o)
    0x08004d46   0x00000022   Code   RO         3741    i._printf_core      mc_w.l(printfb.o)
    0x08004d68   0x00000024   Code   RO         1394    i.delay             stm324xg_eval_lcd.o
    0x08004d8c   0x00000024   Code   RO         1763    i.delay             stm324xg_eval_ioe.o
    0x08004db0   0x0000018c   Code   RO         1253    i.fputc             lcd_log.o
    0x08004f3c   0x00000048   Code   RO            3    i.main              app.o
    0x08004f84   0x00000006   Code   RO         1197    i.usbd_hid_EP0_RxReady  usbd_hid_core.o
    0x08004f8a   0x000029d0   Data   RO         1395    .constdata          stm324xg_eval_lcd.o
    0x0800795a   0x00000002   PAD
    0x0800795c   0x0000005c   Data   RO         1641    .constdata          stm324xg_eval.o
    0x080079b8   0x00000020   Data   RO         4039    Region$$Table       anon$$obj.o


    Execution Region RW_IRAM1 (Base: 0x20000000, Size: 0x00000de0, Max: 0x00030000, ABSOLUTE, COMPRESSED[0x00000114])

    Base Addr    Size         Type   Attr      Idx    E Section Name        Object

    0x20000000   0x0000000a   Data   RW          204    .data               stm32fxxx_it.o
    0x2000000a   0x00000002   PAD
    0x2000000c   0x0000001c   Data   RW          348    .data               usbd_usr.o
    0x20000028   0x0000003c   Data   RW          459    .data               usbd_desc.o
    0x20000064   0x0000000d   Data   RW          947    .data               usbd_req.o
    0x20000071   0x00000003   PAD
    0x20000074   0x00000034   Data   RW         1047    .data               usbd_core.o
    0x200000a8   0x00000084   Data   RW         1198    .data               usbd_hid_core.o
    0x2000012c   0x00000012   Data   RW         1255    .data               lcd_log.o
    0x2000013e   0x00000002   PAD
    0x20000140   0x00000014   Data   RW         1319    .data               system_stm32f4xx.o
    0x20000154   0x00000028   Data   RW         1396    .data               stm324xg_eval_lcd.o
    0x2000017c   0x0000002c   Data   RW         1642    .data               stm324xg_eval.o
    0x200001a8   0x00000018   Data   RW         1764    .data               stm324xg_eval_ioe.o
    0x200001c0   0x00000010   Data   RW         3302    .data               stm32f4xx_rcc.o
    0x200001d0   0x00000004   Data   RW         4015    .data               mc_w.l(stdout.o)
    0x200001d4   0x000005f4   Zero   RW            4    .bss                app.o
    0x200007c8   0x00000040   Zero   RW          946    .bss                usbd_req.o
    0x20000808   0x000001d4   Zero   RW         1254    .bss                lcd_log.o
    0x200009dc   0x00000004   PAD
    0x200009e0   0x00000400   Zero   RW         1307    STACK               startup_stm32f4xx.o


==============================================================================

Image component sizes


      Code (inc. data)   RO Data    RW Data    ZI Data      Debug   Object Name

        72         18          0          0       1524     302232   app.o
       990        114          0         18        468       6737   lcd_log.o
       140         24          0          0          0       1915   misc.o
        36          8        392          0       1024        984   startup_stm32f4xx.o
       296         52         92         44          0       4362   stm324xg_eval.o
      2056         94          0         24          0      16315   stm324xg_eval_ioe.o
      1998         76      10704         40          0      15641   stm324xg_eval_lcd.o
       574         54          0          0          0       5146   stm32f4xx_dma.o
       200         18          0          0          0       2608   stm32f4xx_exti.o
       282          6          0          0          0       2197   stm32f4xx_fsmc.o
       214          0          0          0          0       2139   stm32f4xx_gpio.o
       448         14          0          0          0       7262   stm32f4xx_i2c.o
       556         80          0         16          0      10524   stm32f4xx_rcc.o
        64          4          0          0          0        768   stm32f4xx_syscfg.o
       464         66          0         10          0       9180   stm32fxxx_it.o
       340         32          0         20          0       1977   system_stm32f4xx.o
       384          6          0          0          0       3003   usb_bsp.o
      3578         18          0          0          0      25167   usb_core.o
       702          0          0          0          0       7331   usb_dcd.o
      2050         60          0          0          0      11991   usb_dcd_int.o
       820          6          0         52          0      13152   usbd_core.o
       324        148          0         60          0       5940   usbd_desc.o
       422         42          0        132          0       6506   usbd_hid_core.o
       224          0          0          0          0       5056   usbd_ioreq.o
      1732         54          0         13         64      11807   usbd_req.o
       748        436          0         28          0      30756   usbd_usr.o

    ----------------------------------------------------------------------
     19748       1430      11222        464       3084     510696   Object Totals
         0          0         32          0          0          0   (incl. Generated)
        34          0          2          7          4          0   (incl. Padding)

    ----------------------------------------------------------------------

      Code (inc. data)   RO Data    RW Data    ZI Data      Debug   Library Member Name

        86          0          0          0          0          0   __dczerorl2.o
         0          0          0          0          0          0   entry.o
         0          0          0          0          0          0   entry10a.o
         0          0          0          0          0          0   entry11a.o
         8          4          0          0          0          0   entry2.o
         4          0          0          0          0          0   entry5.o
         0          0          0          0          0          0   entry7b.o
         0          0          0          0          0          0   entry8b.o
         8          4          0          0          0          0   entry9a.o
        30          0          0          0          0          0   handlers.o
        36          8          0          0          0         68   init.o
        50          8          0          0          0        152   printfb.o
         0          0          0          4          0          0   stdout.o

    ----------------------------------------------------------------------
       222         24          0          4          0        220   Library Totals
         0          0          0          0          0          0   (incl. Padding)

    ----------------------------------------------------------------------

      Code (inc. data)   RO Data    RW Data    ZI Data      Debug   Library Name

       222         24          0          4          0        220   mc_w.l

    ----------------------------------------------------------------------
       222         24          0          4          0        220   Library Totals

    ----------------------------------------------------------------------

==============================================================================


      Code (inc. data)   RO Data    RW Data    ZI Data      Debug   

     19970       1454      11222        468       3084     490548   Grand Totals
     19970       1454      11222        276       3084     490548   ELF Image Totals (compressed)
     19970       1454      11222        276          0          0   ROM Totals

==============================================================================

    Total RO  Size (Code + RO Data)                31192 (  30.46kB)
    Total RW  Size (RW Data + ZI Data)              3552 (   3.47kB)
    Total ROM Size (Code + RO Data + RW Data)      31468 (  30.73kB)

==============================================================================

